Component: Arm Compiler for Embedded 6.22 Tool: armlink [5ee90200]

==============================================================================

Section Cross References

    main.o(.ARM.exidx.text.enable_HSI) refers to main.o(.text.enable_HSI) for [Anonymous Symbol]
    main.o(.ARM.exidx.text.Keypad_Pin_Init) refers to main.o(.text.Keypad_Pin_Init) for [Anonymous Symbol]
    main.o(.ARM.exidx.text.init_keypress_buffer) refers to main.o(.text.init_keypress_buffer) for [Anonymous Symbol]
    main.o(.text.main) refers to main.o(.rodata..L__const.main.message) for .L__const.main.message
    main.o(.text.main) refers to rt_memcpy_v6.o(.text) for __aeabi_memcpy
    main.o(.text.main) refers to main.o(.text.Keypad_Pin_Init) for Keypad_Pin_Init
    main.o(.text.main) refers to sysclock.o(.text.System_Clock_Init) for System_Clock_Init
    main.o(.text.main) refers to i2c.o(.text.I2C_GPIO_init) for I2C_GPIO_init
    main.o(.text.main) refers to i2c.o(.text.I2C_Initialization) for I2C_Initialization
    main.o(.text.main) refers to ssd1306.o(.text.ssd1306_Init) for ssd1306_Init
    main.o(.text.main) refers to ssd1306.o(.text.ssd1306_Fill) for ssd1306_Fill
    main.o(.text.main) refers to ssd1306.o(.text.ssd1306_SetCursor) for ssd1306_SetCursor
    main.o(.text.main) refers to ssd1306_fonts.o(.data.Font_11x18) for Font_11x18
    main.o(.text.main) refers to ssd1306.o(.text.ssd1306_WriteString) for ssd1306_WriteString
    main.o(.text.main) refers to ssd1306.o(.text.ssd1306_UpdateScreen) for ssd1306_UpdateScreen
    main.o(.text.main) refers to keypad.o(.text.keypad_scan) for keypad_scan
    main.o(.ARM.exidx.text.main) refers to main.o(.text.main) for [Anonymous Symbol]
    startup_stm32l476xx.o(STACK) refers (Special) to heapauxi.o(.text) for __use_two_region_memory
    startup_stm32l476xx.o(HEAP) refers (Special) to heapauxi.o(.text) for __use_two_region_memory
    startup_stm32l476xx.o(RESET) refers (Special) to heapauxi.o(.text) for __use_two_region_memory
    startup_stm32l476xx.o(RESET) refers to startup_stm32l476xx.o(STACK) for __initial_sp
    startup_stm32l476xx.o(RESET) refers to startup_stm32l476xx.o(.text) for Reset_Handler
    startup_stm32l476xx.o(RESET) refers to i2c.o(.text.I2C1_EV_IRQHandler) for I2C1_EV_IRQHandler
    startup_stm32l476xx.o(RESET) refers to i2c.o(.text.I2C1_ER_IRQHandler) for I2C1_ER_IRQHandler
    startup_stm32l476xx.o(.text) refers (Special) to heapauxi.o(.text) for __use_two_region_memory
    startup_stm32l476xx.o(.text) refers to __main.o(!!!main) for __main
    startup_stm32l476xx.o(.text) refers to startup_stm32l476xx.o(HEAP) for Heap_Mem
    startup_stm32l476xx.o(.text) refers to startup_stm32l476xx.o(STACK) for Stack_Mem
    i2c.o(.ARM.exidx.text.I2C_GPIO_init) refers to i2c.o(.text.I2C_GPIO_init) for [Anonymous Symbol]
    i2c.o(.ARM.exidx.text.I2C_Initialization) refers to i2c.o(.text.I2C_Initialization) for [Anonymous Symbol]
    i2c.o(.ARM.exidx.text.I2C_Start) refers to i2c.o(.text.I2C_Start) for [Anonymous Symbol]
    i2c.o(.ARM.exidx.text.I2C_Stop) refers to i2c.o(.text.I2C_Stop) for [Anonymous Symbol]
    i2c.o(.ARM.exidx.text.I2C_WaitLineIdle) refers to i2c.o(.text.I2C_WaitLineIdle) for [Anonymous Symbol]
    i2c.o(.text.I2C_SendData) refers to i2c.o(.text.I2C_WaitLineIdle) for I2C_WaitLineIdle
    i2c.o(.text.I2C_SendData) refers to i2c.o(.text.I2C_Start) for I2C_Start
    i2c.o(.text.I2C_SendData) refers to i2c.o(.text.I2C_Stop) for I2C_Stop
    i2c.o(.ARM.exidx.text.I2C_SendData) refers to i2c.o(.text.I2C_SendData) for [Anonymous Symbol]
    i2c.o(.text.I2C_ReceiveData) refers to i2c.o(.text.I2C_WaitLineIdle) for I2C_WaitLineIdle
    i2c.o(.text.I2C_ReceiveData) refers to i2c.o(.text.I2C_Start) for I2C_Start
    i2c.o(.text.I2C_ReceiveData) refers to i2c.o(.text.I2C_Stop) for I2C_Stop
    i2c.o(.ARM.exidx.text.I2C_ReceiveData) refers to i2c.o(.text.I2C_ReceiveData) for [Anonymous Symbol]
    i2c.o(.ARM.exidx.text.I2C1_EV_IRQHandler) refers to i2c.o(.text.I2C1_EV_IRQHandler) for [Anonymous Symbol]
    i2c.o(.ARM.exidx.text.I2C1_ER_IRQHandler) refers to i2c.o(.text.I2C1_ER_IRQHandler) for [Anonymous Symbol]
    ssd1306.o(.ARM.exidx.text.ssd1306_Reset) refers to ssd1306.o(.text.ssd1306_Reset) for [Anonymous Symbol]
    ssd1306.o(.text.ssd1306_WriteCommand) refers to i2c.o(.text.I2C_SendData) for I2C_SendData
    ssd1306.o(.ARM.exidx.text.ssd1306_WriteCommand) refers to ssd1306.o(.text.ssd1306_WriteCommand) for [Anonymous Symbol]
    ssd1306.o(.text.ssd1306_WriteData) refers to i2c.o(.text.I2C_SendData) for I2C_SendData
    ssd1306.o(.ARM.exidx.text.ssd1306_WriteData) refers to ssd1306.o(.text.ssd1306_WriteData) for [Anonymous Symbol]
    ssd1306.o(.text.ssd1306_FillBuffer) refers to ssd1306.o(.bss.SSD1306_Buffer) for SSD1306_Buffer
    ssd1306.o(.text.ssd1306_FillBuffer) refers to rt_memcpy_v6.o(.text) for __aeabi_memcpy
    ssd1306.o(.ARM.exidx.text.ssd1306_FillBuffer) refers to ssd1306.o(.text.ssd1306_FillBuffer) for [Anonymous Symbol]
[...]
    ssd1306.o(.text.ssd1306_Polyline) refers to ssd1306.o(.text.ssd1306_Line) for ssd1306_Line
    ssd1306.o(.ARM.exidx.text.ssd1306_Polyline) refers to ssd1306.o(.text.ssd1306_Polyline) for [Anonymous Symbol]
    ssd1306.o(.text.ssd1306_DrawArc) refers to ssd1306.o(.text.ssd1306_NormalizeTo0_360) for ssd1306_NormalizeTo0_360
    ssd1306.o(.text.ssd1306_DrawArc) refers to ssd1306.o(.text.ssd1306_DegToRad) for ssd1306_DegToRad
    ssd1306.o(.text.ssd1306_DrawArc) refers to f2d.o(x$fpl$f2d) for __aeabi_f2d
    ssd1306.o(.text.ssd1306_DrawArc) refers to sin.o(i.__hardfp_sin) for __hardfp_sin
    ssd1306.o(.text.ssd1306_DrawArc) refers to dflt_clz.o(x$fpl$dflt) for __aeabi_i2d
    ssd1306.o(.text.ssd1306_DrawArc) refers to dmul.o(x$fpl$dmul) for __aeabi_dmul
    ssd1306.o(.text.ssd1306_DrawArc) refers to dfix.o(x$fpl$dfix) for __aeabi_d2iz
    ssd1306.o(.text.ssd1306_DrawArc) refers to cos.o(i.__hardfp_cos) for __hardfp_cos
    ssd1306.o(.text.ssd1306_DrawArc) refers to ssd1306.o(.text.ssd1306_Line) for ssd1306_Line
    ssd1306.o(.ARM.exidx.text.ssd1306_DrawArc) refers to ssd1306.o(.text.ssd1306_DrawArc) for [Anonymous Symbol]
    ssd1306.o(.ARM.exidx.text.ssd1306_NormalizeTo0_360) refers to ssd1306.o(.text.ssd1306_NormalizeTo0_360) for [Anonymous Symbol]
    ssd1306.o(.ARM.exidx.text.ssd1306_DegToRad) refers to ssd1306.o(.text.ssd1306_DegToRad) for [Anonymous Symbol]
    ssd1306.o(.text.ssd1306_DrawCircle) refers to ssd1306.o(.text.ssd1306_DrawPixel) for ssd1306_DrawPixel
    ssd1306.o(.ARM.exidx.text.ssd1306_DrawCircle) refers to ssd1306.o(.text.ssd1306_DrawCircle) for [Anonymous Symbol]
    ssd1306.o(.text.ssd1306_DrawRectangle) refers to ssd1306.o(.text.ssd1306_Line) for ssd1306_Line
    ssd1306.o(.ARM.exidx.text.ssd1306_DrawRectangle) refers to ssd1306.o(.text.ssd1306_DrawRectangle) for [Anonymous Symbol]
    ssd1306.o(.text.ssd1306_GetDisplayOn) refers to ssd1306.o(.bss.SSD1306) for SSD1306
    ssd1306.o(.ARM.exidx.text.ssd1306_GetDisplayOn) refers to ssd1306.o(.text.ssd1306_GetDisplayOn) for [Anonymous Symbol]
    ssd1306_fonts.o(.data.Font_6x8) refers to ssd1306_fonts.o(.rodata.Font6x8) for [Anonymous Symbol]
    ssd1306_fonts.o(.data.Font_7x10) refers to ssd1306_fonts.o(.rodata.Font7x10) for [Anonymous Symbol]
    ssd1306_fonts.o(.data.Font_11x18) refers to ssd1306_fonts.o(.rodata.Font11x18) for [Anonymous Symbol]
    ssd1306_fonts.o(.data.Font_16x26) refers to ssd1306_fonts.o(.rodata.Font16x26) for [Anonymous Symbol]
    ssd1306_tests.o(.ARM.exidx.text.delay) refers to ssd1306_tests.o(.text.delay) for [Anonymous Symbol]
    ssd1306_tests.o(.text.ssd1306_TestFonts) refers to ssd1306.o(.text.ssd1306_Fill) for ssd1306_Fill
    ssd1306_tests.o(.text.ssd1306_TestFonts) refers to ssd1306.o(.text.ssd1306_SetCursor) for ssd1306_SetCursor
    ssd1306_tests.o(.text.ssd1306_TestFonts) refers to ssd1306_fonts.o(.data.Font_16x26) for Font_16x26
    ssd1306_tests.o(.text.ssd1306_TestFonts) refers to ssd1306_tests.o(.rodata.str1.1) for .L.str
    ssd1306_tests.o(.text.ssd1306_TestFonts) refers to ssd1306.o(.text.ssd1306_WriteString) for ssd1306_WriteString
    ssd1306_tests.o(.text.ssd1306_TestFonts) refers to ssd1306_fonts.o(.data.Font_11x18) for Font_11x18
    ssd1306_tests.o(.text.ssd1306_TestFonts) refers to ssd1306_fonts.o(.data.Font_7x10) for Font_7x10
    ssd1306_tests.o(.text.ssd1306_TestFonts) refers to ssd1306_fonts.o(.data.Font_6x8) for Font_6x8
    ssd1306_tests.o(.text.ssd1306_TestFonts) refers to ssd1306.o(.text.ssd1306_UpdateScreen) for ssd1306_UpdateScreen
    ssd1306_tests.o(.ARM.exidx.text.ssd1306_TestFonts) refers to ssd1306_tests.o(.text.ssd1306_TestFonts) for [Anonymous Symbol]
    ssd1306_tests.o(.text.ssd1306_TestLine) refers to ssd1306.o(.text.ssd1306_Line) for ssd1306_Line
    ssd1306_tests.o(.text.ssd1306_TestLine) refers to ssd1306.o(.text.ssd1306_UpdateScreen) for ssd1306_UpdateScreen
    ssd1306_tests.o(.ARM.exidx.text.ssd1306_TestLine) refers to ssd1306_tests.o(.text.ssd1306_TestLine) for [Anonymous Symbol]
    ssd1306_tests.o(.text.ssd1306_TestRectangle) refers to ssd1306.o(.text.ssd1306_DrawRectangle) for ssd1306_DrawRectangle
    ssd1306_tests.o(.text.ssd1306_TestRectangle) refers to ssd1306.o(.text.ssd1306_UpdateScreen) for ssd1306_UpdateScreen
    ssd1306_tests.o(.ARM.exidx.text.ssd1306_TestRectangle) refers to ssd1306_tests.o(.text.ssd1306_TestRectangle) for [Anonymous Symbol]
    ssd1306_tests.o(.text.ssd1306_TestCircle) refers to ssd1306.o(.text.ssd1306_DrawCircle) for ssd1306_DrawCircle
    ssd1306_tests.o(.text.ssd1306_TestCircle) refers to ssd1306.o(.text.ssd1306_UpdateScreen) for ssd1306_UpdateScreen
    ssd1306_tests.o(.ARM.exidx.text.ssd1306_TestCircle) refers to ssd1306_tests.o(.text.ssd1306_TestCircle) for [Anonymous Symbol]
    ssd1306_tests.o(.text.ssd1306_TestArc) refers to ssd1306.o(.text.ssd1306_DrawArc) for ssd1306_DrawArc
    ssd1306_tests.o(.text.ssd1306_TestArc) refers to ssd1306.o(.text.ssd1306_UpdateScreen) for ssd1306_UpdateScreen
    ssd1306_tests.o(.ARM.exidx.text.ssd1306_TestArc) refers to ssd1306_tests.o(.text.ssd1306_TestArc) for [Anonymous Symbol]
    ssd1306_tests.o(.text.ssd1306_TestPolyline) refers to ssd1306.o(.text.ssd1306_Polyline) for ssd1306_Polyline
    ssd1306_tests.o(.text.ssd1306_TestPolyline) refers to ssd1306.o(.text.ssd1306_UpdateScreen) for ssd1306_UpdateScreen
    ssd1306_tests.o(.ARM.exidx.text.ssd1306_TestPolyline) refers to ssd1306_tests.o(.text.ssd1306_TestPolyline) for [Anonymous Symbol]
    ssd1306_tests.o(.text.ssd1306_TestAll) refers to ssd1306.o(.text.ssd1306_Init) for ssd1306_Init
    ssd1306_tests.o(.text.ssd1306_TestAll) refers to ssd1306_tests.o(.text.delay) for delay
    ssd1306_tests.o(.text.ssd1306_TestAll) refers to ssd1306_tests.o(.text.ssd1306_TestFonts) for ssd1306_TestFonts
    ssd1306_tests.o(.text.ssd1306_TestAll) refers to ssd1306.o(.text.ssd1306_Fill) for ssd1306_Fill
    ssd1306_tests.o(.text.ssd1306_TestAll) refers to ssd1306_tests.o(.text.ssd1306_TestRectangle) for ssd1306_TestRectangle
    ssd1306_tests.o(.text.ssd1306_TestAll) refers to ssd1306_tests.o(.text.ssd1306_TestLine) for ssd1306_TestLine
    ssd1306_tests.o(.text.ssd1306_TestAll) refers to ssd1306_tests.o(.text.ssd1306_TestPolyline) for ssd1306_TestPolyline
    ssd1306_tests.o(.text.ssd1306_TestAll) refers to ssd1306_tests.o(.text.ssd1306_TestArc) for ssd1306_TestArc
    ssd1306_tests.o(.text.ssd1306_TestAll) refers to ssd1306_tests.o(.text.ssd1306_TestCircle) for ssd1306_TestCircle
    ssd1306_tests.o(.ARM.exidx.text.ssd1306_TestAll) refers to ssd1306_tests.o(.text.ssd1306_TestAll) for [Anonymous Symbol]
    sysclock.o(.ARM.exidx.text.System_Clock_Init) refers to sysclock.o(.text.System_Clock_Init) for [Anonymous Symbol]
    keypad.o(.text.keypad_scan) refers to keypad.o(.data.key_map) for key_map
    keypad.o(.ARM.exidx.text.keypad_scan) refers to keypad.o(.text.keypad_scan) for [Anonymous Symbol]
    rt_memcpy_v6.o(.text) refers to rt_memcpy_w.o(.text) for __aeabi_memcpy4
    __main.o(!!!main) refers to __rtentry.o(.ARM.Collect$$rtentry$$00000000) for __rt_entry
    dfix.o(x$fpl$dfix) refers (Special) to usenofp.o(x$fpl$usenofp) for __I$use$fp
    dfix.o(x$fpl$dfix) refers to dnaninf.o(x$fpl$dnaninf) for __fpl_dnaninf
    dfix.o(x$fpl$dfixr) refers (Special) to usenofp.o(x$fpl$usenofp) for __I$use$fp
    dfix.o(x$fpl$dfixr) refers to dnaninf.o(x$fpl$dnaninf) for __fpl_dnaninf
    dflt_clz.o(x$fpl$dfltu) refers (Special) to usenofp.o(x$fpl$usenofp) for __I$use$fp
    dflt_clz.o(x$fpl$dflt) refers (Special) to usenofp.o(x$fpl$usenofp) for __I$use$fp
    dflt_clz.o(x$fpl$dfltn) refers (Special) to usenofp.o(x$fpl$usenofp) for __I$use$fp
    dmul.o(x$fpl$dmul) refers (Special) to usenofp.o(x$fpl$usenofp) for __I$use$fp
    dmul.o(x$fpl$dmul) refers to dretinf.o(x$fpl$dretinf) for __fpl_dretinf
    dmul.o(x$fpl$dmul) refers to dnaninf.o(x$fpl$dnaninf) for __fpl_dnaninf
    f2d.o(x$fpl$f2d) refers (Special) to usenofp.o(x$fpl$usenofp) for __I$use$fp
    f2d.o(x$fpl$f2d) refers to fnaninf.o(x$fpl$fnaninf) for __fpl_fnaninf
    f2d.o(x$fpl$f2d) refers to dretinf.o(x$fpl$dretinf) for __fpl_dretinf
    cos.o(i.__hardfp_cos) refers (Special) to usenofp.o(x$fpl$usenofp) for __I$use$fp
    cos.o(i.__hardfp_cos) refers to _rserrno.o(.text) for __set_errno
    cos.o(i.__hardfp_cos) refers to dunder.o(i.__mathlib_dbl_invalid) for __mathlib_dbl_invalid
    cos.o(i.__hardfp_cos) refers to dunder.o(i.__mathlib_dbl_infnan) for __mathlib_dbl_infnan
    cos.o(i.__hardfp_cos) refers to rred.o(i.__ieee754_rem_pio2) for __ieee754_rem_pio2
    cos.o(i.__hardfp_cos) refers to sin_i.o(i.__kernel_sin) for __kernel_sin
    cos.o(i.__hardfp_cos) refers to cos_i.o(i.__kernel_cos) for __kernel_cos
    cos.o(i.__hardfp_cos) refers to basic.o(x$fpl$basic) for __aeabi_dneg
    cos.o(i.__softfp_cos) refers (Special) to usenofp.o(x$fpl$usenofp) for __I$use$fp
    cos.o(i.__softfp_cos) refers to cos.o(i.__hardfp_cos) for __hardfp_cos
    cos.o(i.cos) refers (Special) to usenofp.o(x$fpl$usenofp) for __I$use$fp
    cos.o(i.cos) refers to cos.o(i.__hardfp_cos) for __hardfp_cos
    sin.o(i.__hardfp_sin) refers (Special) to usenofp.o(x$fpl$usenofp) for __I$use$fp
    sin.o(i.__hardfp_sin) refers to _rserrno.o(.text) for __set_errno
    sin.o(i.__hardfp_sin) refers to dunder.o(i.__mathlib_dbl_invalid) for __mathlib_dbl_invalid
    sin.o(i.__hardfp_sin) refers to dunder.o(i.__mathlib_dbl_infnan) for __mathlib_dbl_infnan
    sin.o(i.__hardfp_sin) refers to rred.o(i.__ieee754_rem_pio2) for __ieee754_rem_pio2
    sin.o(i.__hardfp_sin) refers to cos_i.o(i.__kernel_cos) for __kernel_cos
    sin.o(i.__hardfp_sin) refers to basic.o(x$fpl$basic) for __aeabi_dneg
    sin.o(i.__hardfp_sin) refers to sin_i.o(i.__kernel_sin) for __kernel_sin
    sin.o(i.__softfp_sin) refers (Special) to usenofp.o(x$fpl$usenofp) for __I$use$fp
    sin.o(i.__softfp_sin) refers to sin.o(i.__hardfp_sin) for __hardfp_sin
    sin.o(i.sin) refers (Special) to usenofp.o(x$fpl$usenofp) for __I$use$fp
    sin.o(i.sin) refers to sin.o(i.__hardfp_sin) for __hardfp_sin
    __rtentry.o(.ARM.Collect$$rtentry$$00000000) refers (Special) to __rtentry2.o(.ARM.Collect$$rtentry$$0000000A) for __rt_entry_li
    __rtentry.o(.ARM.Collect$$rtentry$$00000000) refers (Special) to __rtentry2.o(.ARM.Collect$$rtentry$$0000000D) for __rt_entry_main
    __rtentry.o(.ARM.Collect$$rtentry$$00000000) refers (Special) to __rtentry2.o(.ARM.Collect$$rtentry$$0000000C) for __rt_entry_postli_1
    __rtentry.o(.ARM.Collect$$rtentry$$00000000) refers (Special) to __rtentry2.o(.ARM.Collect$$rtentry$$00000009) for __rt_entry_postsh_1
    __rtentry.o(.ARM.Collect$$rtentry$$00000000) refers (Special) to __rtentry2.o(.ARM.Collect$$rtentry$$00000002) for __rt_entry_presh_1
    __rtentry.o(.ARM.Collect$$rtentry$$00000000) refers (Special) to __rtentry4.o(.ARM.Collect$$rtentry$$00000004) for __rt_entry_sh
    _rserrno.o(.text) refers to rt_errno_addr_intlibspace.o(.text) for __aeabi_errno_addr
    basic.o(x$fpl$basic) refers (Special) to usenofp.o(x$fpl$usenofp) for __I$use$fp
    dnaninf.o(x$fpl$dnaninf) refers (Special) to usenofp.o(x$fpl$usenofp) for __I$use$fp
    dretinf.o(x$fpl$dretinf) refers (Special) to usenofp.o(x$fpl$usenofp) for __I$use$fp
    fnaninf.o(x$fpl$fnaninf) refers (Special) to usenofp.o(x$fpl$usenofp) for __I$use$fp
    cos_i.o(i.__kernel_cos) refers (Special) to usenofp.o(x$fpl$usenofp) for __I$use$fp
    cos_i.o(i.__kernel_cos) refers to dfix.o(x$fpl$dfix) for __aeabi_d2iz
    cos_i.o(i.__kernel_cos) refers to dmul.o(x$fpl$dmul) for __aeabi_dmul
    cos_i.o(i.__kernel_cos) refers to poly.o(i.__kernel_poly) for __kernel_poly
    cos_i.o(i.__kernel_cos) refers to daddsub_clz.o(x$fpl$dsub) for __aeabi_dsub
    cos_i.o(i.__kernel_cos) refers to daddsub_clz.o(x$fpl$drsb) for __aeabi_drsub
    cos_i.o(i.__kernel_cos) refers to cos_i.o(.constdata) for .constdata
    cos_i.o(.constdata) refers (Special) to usenofp.o(x$fpl$usenofp) for __I$use$fp
    dunder.o(i.__mathlib_dbl_divzero) refers to ddiv.o(x$fpl$ddiv) for __aeabi_ddiv
    dunder.o(i.__mathlib_dbl_infnan) refers to daddsub_clz.o(x$fpl$dadd) for __aeabi_dadd
    dunder.o(i.__mathlib_dbl_infnan2) refers to daddsub_clz.o(x$fpl$dadd) for __aeabi_dadd
    dunder.o(i.__mathlib_dbl_invalid) refers to ddiv.o(x$fpl$ddiv) for __aeabi_ddiv
    dunder.o(i.__mathlib_dbl_overflow) refers to dmul.o(x$fpl$dmul) for __aeabi_dmul
    dunder.o(i.__mathlib_dbl_posinfnan) refers to dmul.o(x$fpl$dmul) for __aeabi_dmul
    dunder.o(i.__mathlib_dbl_underflow) refers to dmul.o(x$fpl$dmul) for __aeabi_dmul
    rred.o(i.__ieee754_rem_pio2) refers (Special) to usenofp.o(x$fpl$usenofp) for __I$use$fp
    rred.o(i.__ieee754_rem_pio2) refers to daddsub_clz.o(x$fpl$dsub) for __aeabi_dsub
    rred.o(i.__ieee754_rem_pio2) refers to daddsub_clz.o(x$fpl$dadd) for __aeabi_dadd
    rred.o(i.__ieee754_rem_pio2) refers to fabs.o(i.fabs) for fabs
    rred.o(i.__ieee754_rem_pio2) refers to dmul.o(x$fpl$dmul) for __aeabi_dmul
    rred.o(i.__ieee754_rem_pio2) refers to dfix.o(x$fpl$dfix) for __aeabi_d2iz
    rred.o(i.__ieee754_rem_pio2) refers to dflt_clz.o(x$fpl$dflt) for __aeabi_i2d
    rred.o(i.__ieee754_rem_pio2) refers to daddsub_clz.o(x$fpl$drsb) for __aeabi_drsub
    rred.o(i.__ieee754_rem_pio2) refers to basic.o(x$fpl$basic) for __aeabi_dneg
    rred.o(i.__ieee754_rem_pio2) refers to dflt_clz.o(x$fpl$dfltu) for __aeabi_ui2d
    rred.o(i.__ieee754_rem_pio2) refers to rred.o(.constdata) for .constdata
    rred.o(i.__use_accurate_range_reduction) refers (Special) to usenofp.o(x$fpl$usenofp) for __I$use$fp
    rred.o(.constdata) refers (Special) to usenofp.o(x$fpl$usenofp) for __I$use$fp
    sin_i.o(i.__kernel_sin) refers (Special) to usenofp.o(x$fpl$usenofp) for __I$use$fp
    sin_i.o(i.__kernel_sin) refers to fpclassify.o(i.__ARM_fpclassify) for __ARM_fpclassify
    sin_i.o(i.__kernel_sin) refers to dunder.o(i.__mathlib_dbl_underflow) for __mathlib_dbl_underflow
    sin_i.o(i.__kernel_sin) refers to dmul.o(x$fpl$dmul) for __aeabi_dmul
    sin_i.o(i.__kernel_sin) refers to poly.o(i.__kernel_poly) for __kernel_poly
    sin_i.o(i.__kernel_sin) refers to daddsub_clz.o(x$fpl$dsub) for __aeabi_dsub
    sin_i.o(i.__kernel_sin) refers to daddsub_clz.o(x$fpl$drsb) for __aeabi_drsub
    sin_i.o(i.__kernel_sin) refers to daddsub_clz.o(x$fpl$dadd) for __aeabi_dadd
    sin_i.o(i.__kernel_sin) refers to sin_i.o(.constdata) for .constdata
    sin_i.o(.constdata) refers (Special) to usenofp.o(x$fpl$usenofp) for __I$use$fp
    __rtentry2.o(.ARM.Collect$$rtentry$$00000008) refers to boardinit2.o(.text) for _platform_post_stackheap_init
    __rtentry2.o(.ARM.Collect$$rtentry$$0000000A) refers to libinit.o(.ARM.Collect$$libinit$$00000000) for __rt_lib_init
    __rtentry2.o(.ARM.Collect$$rtentry$$0000000B) refers to boardinit3.o(.text) for _platform_post_lib_init
    __rtentry2.o(.ARM.Collect$$rtentry$$0000000D) refers to main.o(.text.main) for main
    __rtentry2.o(.ARM.Collect$$rtentry$$0000000D) refers to exit.o(.text) for exit
    __rtentry2.o(.ARM.exidx) refers to __rtentry2.o(.ARM.Collect$$rtentry$$00000001) for .ARM.Collect$$rtentry$$00000001
    __rtentry2.o(.ARM.exidx) refers to __rtentry2.o(.ARM.Collect$$rtentry$$00000008) for .ARM.Collect$$rtentry$$00000008
    __rtentry2.o(.ARM.exidx) refers to __rtentry2.o(.ARM.Collect$$rtentry$$0000000A) for .ARM.Collect$$rtentry$$0000000A
    __rtentry2.o(.ARM.exidx) refers to __rtentry2.o(.ARM.Collect$$rtentry$$0000000B) for .ARM.Collect$$rtentry$$0000000B
    __rtentry2.o(.ARM.exidx) refers to __rtentry2.o(.ARM.Collect$$rtentry$$0000000D) for .ARM.Collect$$rtentry$$0000000D
    __rtentry4.o(.ARM.Collect$$rtentry$$00000004) refers to sys_stackheap_outer.o(.text) for __user_setup_stackheap
    __rtentry4.o(.ARM.exidx) refers to __rtentry4.o(.ARM.Collect$$rtentry$$00000004) for .ARM.Collect$$rtentry$$00000004
    rt_errno_addr.o(.text) refers to rt_errno_addr.o(.bss) for __aeabi_errno_addr_data
    rt_errno_addr_intlibspace.o(.text) refers to libspace.o(.bss) for __libspace_start
    daddsub_clz.o(x$fpl$dadd) refers (Special) to usenofp.o(x$fpl$usenofp) for __I$use$fp
    daddsub_clz.o(x$fpl$dadd) refers to daddsub_clz.o(x$fpl$dsub) for _dsub1
    daddsub_clz.o(x$fpl$dadd) refers to dretinf.o(x$fpl$dretinf) for __fpl_dretinf
    daddsub_clz.o(x$fpl$dadd) refers to dnaninf.o(x$fpl$dnaninf) for __fpl_dnaninf
    daddsub_clz.o(x$fpl$drsb) refers (Special) to usenofp.o(x$fpl$usenofp) for __I$use$fp
    daddsub_clz.o(x$fpl$drsb) refers to daddsub_clz.o(x$fpl$dadd) for _dadd1
    daddsub_clz.o(x$fpl$drsb) refers to daddsub_clz.o(x$fpl$dsub) for _dsub1
    daddsub_clz.o(x$fpl$dsub) refers (Special) to usenofp.o(x$fpl$usenofp) for __I$use$fp
    daddsub_clz.o(x$fpl$dsub) refers to daddsub_clz.o(x$fpl$dadd) for _dadd1
    daddsub_clz.o(x$fpl$dsub) refers to dnaninf.o(x$fpl$dnaninf) for __fpl_dnaninf
    ddiv.o(x$fpl$drdiv) refers (Special) to usenofp.o(x$fpl$usenofp) for __I$use$fp
    ddiv.o(x$fpl$drdiv) refers to ddiv.o(x$fpl$ddiv) for ddiv_entry
    ddiv.o(x$fpl$ddiv) refers (Special) to usenofp.o(x$fpl$usenofp) for __I$use$fp
    ddiv.o(x$fpl$ddiv) refers to dretinf.o(x$fpl$dretinf) for __fpl_dretinf
    ddiv.o(x$fpl$ddiv) refers to dnaninf.o(x$fpl$dnaninf) for __fpl_dnaninf
    fabs.o(i.__hardfp_fabs) refers (Special) to usenofp.o(x$fpl$usenofp) for __I$use$fp
    fabs.o(i.__softfp_fabs) refers (Special) to usenofp.o(x$fpl$usenofp) for __I$use$fp
    fabs.o(i.fabs) refers (Special) to usenofp.o(x$fpl$usenofp) for __I$use$fp
    fpclassify.o(i.__ARM_fpclassify) refers (Special) to usenofp.o(x$fpl$usenofp) for __I$use$fp
    poly.o(i.__kernel_poly) refers (Special) to usenofp.o(x$fpl$usenofp) for __I$use$fp
    poly.o(i.__kernel_poly) refers to dmul.o(x$fpl$dmul) for __aeabi_dmul
    poly.o(i.__kernel_poly) refers to daddsub_clz.o(x$fpl$dadd) for __aeabi_dadd
    libspace.o(.text) refers to libspace.o(.bss) for __libspace_start
    sys_stackheap_outer.o(.text) refers to libspace.o(.text) for __user_perproc_libspace
    sys_stackheap_outer.o(.text) refers to startup_stm32l476xx.o(.text) for __user_initial_stackheap
    exit.o(.text) refers to rtexit.o(.ARM.Collect$$rtexit$$00000000) for __rt_exit
    libinit.o(.ARM.Collect$$libinit$$00000000) refers (Special) to libinit2.o(.ARM.Collect$$libinit$$00000030) for __rt_lib_init_alloca_1
    libinit.o(.ARM.Collect$$libinit$$00000000) refers (Special) to libinit2.o(.ARM.Collect$$libinit$$0000002E) for __rt_lib_init_argv_1
    libinit.o(.ARM.Collect$$libinit$$00000000) refers (Special) to libinit2.o(.ARM.Collect$$libinit$$0000001D) for __rt_lib_init_atexit_1
    libinit.o(.ARM.Collect$$libinit$$00000000) refers (Special) to libinit2.o(.ARM.Collect$$libinit$$00000023) for __rt_lib_init_clock_1
    libinit.o(.ARM.Collect$$libinit$$00000000) refers (Special) to libinit2.o(.ARM.Collect$$libinit$$00000034) for __rt_lib_init_cpp_1
    libinit.o(.ARM.Collect$$libinit$$00000000) refers (Special) to libinit2.o(.ARM.Collect$$libinit$$00000032) for __rt_lib_init_exceptions_1
    libinit.o(.ARM.Collect$$libinit$$00000000) refers (Special) to libinit2.o(.ARM.Collect$$libinit$$00000001) for __rt_lib_init_fp_1
    libinit.o(.ARM.Collect$$libinit$$00000000) refers (Special) to libinit2.o(.ARM.Collect$$libinit$$00000021) for __rt_lib_init_fp_trap_1
    libinit.o(.ARM.Collect$$libinit$$00000000) refers (Special) to libinit2.o(.ARM.Collect$$libinit$$00000025) for __rt_lib_init_getenv_1
    libinit.o(.ARM.Collect$$libinit$$00000000) refers (Special) to libinit2.o(.ARM.Collect$$libinit$$0000000C) for __rt_lib_init_heap_1
    libinit.o(.ARM.Collect$$libinit$$00000000) refers (Special) to libinit2.o(.ARM.Collect$$libinit$$00000013) for __rt_lib_init_lc_collate_1
    libinit.o(.ARM.Collect$$libinit$$00000000) refers (Special) to libinit2.o(.ARM.Collect$$libinit$$00000015) for __rt_lib_init_lc_ctype_1
    libinit.o(.ARM.Collect$$libinit$$00000000) refers (Special) to libinit2.o(.ARM.Collect$$libinit$$00000017) for __rt_lib_init_lc_monetary_1
    libinit.o(.ARM.Collect$$libinit$$00000000) refers (Special) to libinit2.o(.ARM.Collect$$libinit$$00000019) for __rt_lib_init_lc_numeric_1
    libinit.o(.ARM.Collect$$libinit$$00000000) refers (Special) to libinit2.o(.ARM.Collect$$libinit$$0000001B) for __rt_lib_init_lc_time_1
    libinit.o(.ARM.Collect$$libinit$$00000000) refers (Special) to libinit2.o(.ARM.Collect$$libinit$$00000006) for __rt_lib_init_preinit_1
    libinit.o(.ARM.Collect$$libinit$$00000000) refers (Special) to libinit2.o(.ARM.Collect$$libinit$$00000010) for __rt_lib_init_rand_1
    libinit.o(.ARM.Collect$$libinit$$00000000) refers (Special) to libinit2.o(.ARM.Collect$$libinit$$00000004) for __rt_lib_init_relocate_pie_1
    libinit.o(.ARM.Collect$$libinit$$00000000) refers (Special) to libinit2.o(.ARM.Collect$$libinit$$00000035) for __rt_lib_init_return
    libinit.o(.ARM.Collect$$libinit$$00000000) refers (Special) to libinit2.o(.ARM.Collect$$libinit$$0000001F) for __rt_lib_init_signal_1
    libinit.o(.ARM.Collect$$libinit$$00000000) refers (Special) to libinit2.o(.ARM.Collect$$libinit$$00000027) for __rt_lib_init_stdio_1
    libinit.o(.ARM.Collect$$libinit$$00000000) refers (Special) to libinit2.o(.ARM.Collect$$libinit$$0000000E) for __rt_lib_init_user_alloc_1
    rtexit.o(.ARM.Collect$$rtexit$$00000000) refers (Special) to rtexit2.o(.ARM.Collect$$rtexit$$00000004) for __rt_exit_exit
    rtexit.o(.ARM.Collect$$rtexit$$00000000) refers (Special) to rtexit2.o(.ARM.Collect$$rtexit$$00000003) for __rt_exit_ls
    rtexit.o(.ARM.Collect$$rtexit$$00000000) refers (Special) to rtexit2.o(.ARM.Collect$$rtexit$$00000002) for __rt_exit_prels_1
    rtexit.o(.ARM.exidx) refers (Special) to rtexit2.o(.ARM.Collect$$rtexit$$00000004) for __rt_exit_exit
    rtexit.o(.ARM.exidx) refers (Special) to rtexit2.o(.ARM.Collect$$rtexit$$00000003) for __rt_exit_ls
    rtexit.o(.ARM.exidx) refers (Special) to rtexit2.o(.ARM.Collect$$rtexit$$00000002) for __rt_exit_prels_1
    rtexit.o(.ARM.exidx) refers to rtexit.o(.ARM.Collect$$rtexit$$00000000) for .ARM.Collect$$rtexit$$00000000
    libinit2.o(.ARM.Collect$$libinit$$00000001) refers to fpinit.o(x$fpl$fpinit) for _fp_init
    libinit2.o(.ARM.Collect$$libinit$$00000012) refers to libinit2.o(.ARM.Collect$$libinit$$00000011) for .ARM.Collect$$libinit$$00000011
    libinit2.o(.ARM.Collect$$libinit$$00000014) refers to libinit2.o(.ARM.Collect$$libinit$$00000011) for .ARM.Collect$$libinit$$00000011
    libinit2.o(.ARM.Collect$$libinit$$00000016) refers to libinit2.o(.ARM.Collect$$libinit$$00000011) for .ARM.Collect$$libinit$$00000011
    libinit2.o(.ARM.Collect$$libinit$$00000018) refers to libinit2.o(.ARM.Collect$$libinit$$00000011) for .ARM.Collect$$libinit$$00000011
    libinit2.o(.ARM.Collect$$libinit$$0000001A) refers to libinit2.o(.ARM.Collect$$libinit$$00000011) for .ARM.Collect$$libinit$$00000011
    libinit2.o(.ARM.Collect$$libinit$$00000028) refers to argv_veneer.o(.emb_text) for __ARM_argv_veneer
    libinit2.o(.ARM.Collect$$libinit$$00000029) refers to argv_veneer.o(.emb_text) for __ARM_argv_veneer
    rtexit2.o(.ARM.Collect$$rtexit$$00000003) refers to libshutdown.o(.ARM.Collect$$libshutdown$$00000000) for __rt_lib_shutdown
    rtexit2.o(.ARM.Collect$$rtexit$$00000004) refers to sys_exit.o(.text) for _sys_exit
    rtexit2.o(.ARM.exidx) refers to rtexit2.o(.ARM.Collect$$rtexit$$00000001) for .ARM.Collect$$rtexit$$00000001
    rtexit2.o(.ARM.exidx) refers to rtexit2.o(.ARM.Collect$$rtexit$$00000003) for .ARM.Collect$$rtexit$$00000003
    rtexit2.o(.ARM.exidx) refers to rtexit2.o(.ARM.Collect$$rtexit$$00000004) for .ARM.Collect$$rtexit$$00000004
    argv_veneer.o(.emb_text) refers to no_argv.o(.text) for __ARM_get_argv
    sys_exit.o(.text) refers (Special) to use_no_semi.o(.text) for __I$use$semihosting
    sys_exit.o(.text) refers (Special) to indicate_semi.o(.text) for __semihosting_library_function
    sys_exit_hlt.o(.text) refers (Special) to use_no_semi.o(.text) for __I$use$semihosting
    sys_exit_hlt.o(.text) refers (Special) to indicate_semi.o(.text) for __semihosting_library_function
    _get_argv_nomalloc.o(.text) refers (Special) to hrguard.o(.text) for __heap_region$guard
    _get_argv_nomalloc.o(.text) refers to defsig_rtmem_outer.o(.text) for __rt_SIGRTMEM
    _get_argv_nomalloc.o(.text) refers to sys_command.o(.text) for _sys_command_string
    libshutdown.o(.ARM.Collect$$libshutdown$$00000000) refers (Special) to libshutdown2.o(.ARM.Collect$$libshutdown$$00000002) for __rt_lib_shutdown_cpp_1
    libshutdown.o(.ARM.Collect$$libshutdown$$00000000) refers (Special) to libshutdown2.o(.ARM.Collect$$libshutdown$$00000007) for __rt_lib_shutdown_fp_trap_1
    libshutdown.o(.ARM.Collect$$libshutdown$$00000000) refers (Special) to libshutdown2.o(.ARM.Collect$$libshutdown$$0000000F) for __rt_lib_shutdown_heap_1
    libshutdown.o(.ARM.Collect$$libshutdown$$00000000) refers (Special) to libshutdown2.o(.ARM.Collect$$libshutdown$$00000010) for __rt_lib_shutdown_return
    libshutdown.o(.ARM.Collect$$libshutdown$$00000000) refers (Special) to libshutdown2.o(.ARM.Collect$$libshutdown$$0000000A) for __rt_lib_shutdown_signal_1
    libshutdown.o(.ARM.Collect$$libshutdown$$00000000) refers (Special) to libshutdown2.o(.ARM.Collect$$libshutdown$$00000004) for __rt_lib_shutdown_stdio_1
    libshutdown.o(.ARM.Collect$$libshutdown$$00000000) refers (Special) to libshutdown2.o(.ARM.Collect$$libshutdown$$0000000C) for __rt_lib_shutdown_user_alloc_1
    sys_command.o(.text) refers (Special) to use_no_semi.o(.text) for __I$use$semihosting
    sys_command.o(.text) refers (Special) to indicate_semi.o(.text) for __semihosting_library_function
    sys_command_hlt.o(.text) refers (Special) to use_no_semi.o(.text) for __I$use$semihosting
    sys_command_hlt.o(.text) refers (Special) to indicate_semi.o(.text) for __semihosting_library_function
    defsig_rtmem_outer.o(.text) refers to defsig_rtmem_inner.o(.text) for __rt_SIGRTMEM_inner
    defsig_rtmem_outer.o(.text) refers to defsig_exit.o(.text) for __sig_exit
    defsig_rtmem_formal.o(.text) refers to rt_raise.o(.text) for __rt_raise
    rt_raise.o(.text) refers to __raise.o(.text) for __raise
    rt_raise.o(.text) refers to sys_exit.o(.text) for _sys_exit
    defsig_exit.o(.text) refers to sys_exit.o(.text) for _sys_exit
    defsig_rtmem_inner.o(.text) refers to defsig_general.o(.text) for __default_signal_display
    __raise.o(.text) refers to defsig.o(CL$$defsig) for __default_signal_handler
    defsig_general.o(.text) refers to sys_wrch.o(.text) for _ttywrch
    sys_wrch.o(.text) refers (Special) to use_no_semi.o(.text) for __I$use$semihosting
    sys_wrch.o(.text) refers (Special) to indicate_semi.o(.text) for __semihosting_library_function
    sys_wrch_hlt.o(.text) refers (Special) to use_no_semi.o(.text) for __I$use$semihosting
    sys_wrch_hlt.o(.text) refers (Special) to indicate_semi.o(.text) for __semihosting_library_function
    defsig.o(CL$$defsig) refers to defsig_rtmem_inner.o(.text) for __rt_SIGRTMEM_inner
    defsig_abrt_inner.o(.text) refers to defsig_general.o(.text) for __default_signal_display
    defsig_fpe_inner.o(.text) refers to defsig_general.o(.text) for __default_signal_display
    defsig_rtred_inner.o(.text) refers to defsig_general.o(.text) for __default_signal_display
    defsig_stak_inner.o(.text) refers to defsig_general.o(.text) for __default_signal_display
    defsig_pvfn_inner.o(.text) refers to defsig_general.o(.text) for __default_signal_display
    defsig_cppl_inner.o(.text) refers to defsig_general.o(.text) for __default_signal_display
    defsig_segv_inner.o(.text) refers to defsig_general.o(.text) for __default_signal_display
    defsig_other.o(.text) refers to defsig_general.o(.text) for __default_signal_display


==============================================================================

Removing Unused input sections from the image.

    Removing main.o(.text), (0 bytes).
    Removing main.o(.text.enable_HSI), (86 bytes).
    Removing main.o(.ARM.exidx.text.enable_HSI), (8 bytes).
    Removing main.o(.ARM.exidx.text.Keypad_Pin_Init), (8 bytes).
    Removing main.o(.text.init_keypress_buffer), (44 bytes).
    Removing main.o(.ARM.exidx.text.init_keypress_buffer), (8 bytes).
    Removing main.o(.ARM.exidx.text.main), (8 bytes).
    Removing main.o(.bss.Data_Receive), (6 bytes).
    Removing main.o(.bss.Data_Send), (6 bytes).
    Removing main.o(.ARM.use_no_argv), (4 bytes).
    Removing i2c.o(.text), (0 bytes).
    Removing i2c.o(.ARM.exidx.text.I2C_GPIO_init), (8 bytes).
    Removing i2c.o(.ARM.exidx.text.I2C_Initialization), (8 bytes).
    Removing i2c.o(.ARM.exidx.text.I2C_Start), (8 bytes).
    Removing i2c.o(.ARM.exidx.text.I2C_Stop), (8 bytes).
    Removing i2c.o(.ARM.exidx.text.I2C_WaitLineIdle), (8 bytes).
    Removing i2c.o(.ARM.exidx.text.I2C_SendData), (8 bytes).
    Removing i2c.o(.text.I2C_ReceiveData), (154 bytes).
    Removing i2c.o(.ARM.exidx.text.I2C_ReceiveData), (8 bytes).
    Removing i2c.o(.ARM.exidx.text.I2C1_EV_IRQHandler), (8 bytes).
    Removing i2c.o(.ARM.exidx.text.I2C1_ER_IRQHandler), (8 bytes).
    Removing ssd1306.o(.text), (0 bytes).
    Removing ssd1306.o(.ARM.exidx.text.ssd1306_Reset), (8 bytes).
    Removing ssd1306.o(.ARM.exidx.text.ssd1306_WriteCommand), (8 bytes).
    Removing ssd1306.o(.ARM.exidx.text.ssd1306_WriteData), (8 bytes).
    Removing ssd1306.o(.text.ssd1306_FillBuffer), (56 bytes).
    Removing ssd1306.o(.ARM.exidx.text.ssd1306_FillBuffer), (8 bytes).
    Removing ssd1306.o(.ARM.exidx.text.ssd1306_Init), (8 bytes).
    Removing ssd1306.o(.ARM.exidx.text.ssd1306_SetDisplayOn), (8 bytes).
    Removing ssd1306.o(.ARM.exidx.text.ssd1306_SetContrast), (8 bytes).
    Removing ssd1306.o(.ARM.exidx.text.ssd1306_Fill), (8 bytes).
    Removing ssd1306.o(.ARM.exidx.text.ssd1306_UpdateScreen), (8 bytes).
    Removing ssd1306.o(.ARM.exidx.text.ssd1306_DrawPixel), (8 bytes).
    Removing ssd1306.o(.ARM.exidx.text.ssd1306_WriteChar), (8 bytes).
    Removing ssd1306.o(.ARM.exidx.text.ssd1306_WriteString), (8 bytes).
    Removing ssd1306.o(.ARM.exidx.text.ssd1306_SetCursor), (8 bytes).
    Removing ssd1306.o(.text.ssd1306_Line), (290 bytes).
    Removing ssd1306.o(.ARM.exidx.text.ssd1306_Line), (8 bytes).
    Removing ssd1306.o(.text.ssd1306_Polyline), (102 bytes).
    Removing ssd1306.o(.ARM.exidx.text.ssd1306_Polyline), (8 bytes).
    Removing ssd1306.o(.text.ssd1306_DrawArc), (560 bytes).
    Removing ssd1306.o(.ARM.exidx.text.ssd1306_DrawArc), (8 bytes).
    Removing ssd1306.o(.text.ssd1306_NormalizeTo0_360), (96 bytes).
    Removing ssd1306.o(.ARM.exidx.text.ssd1306_NormalizeTo0_360), (8 bytes).
    Removing ssd1306.o(.text.ssd1306_DegToRad), (40 bytes).
    Removing ssd1306.o(.ARM.exidx.text.ssd1306_DegToRad), (8 bytes).
    Removing ssd1306.o(.text.ssd1306_DrawCircle), (292 bytes).
    Removing ssd1306.o(.ARM.exidx.text.ssd1306_DrawCircle), (8 bytes).
    Removing ssd1306.o(.text.ssd1306_DrawRectangle), (144 bytes).
    Removing ssd1306.o(.ARM.exidx.text.ssd1306_DrawRectangle), (8 bytes).
    Removing ssd1306.o(.text.ssd1306_GetDisplayOn), (12 bytes).
    Removing ssd1306.o(.ARM.exidx.text.ssd1306_GetDisplayOn), (8 bytes).
    Removing ssd1306_fonts.o(.text), (0 bytes).
    Removing ssd1306_fonts.o(.rodata.Font6x8), (1520 bytes).
    Removing ssd1306_fonts.o(.data.Font_6x8), (8 bytes).
    Removing ssd1306_fonts.o(.rodata.Font7x10), (1900 bytes).
    Removing ssd1306_fonts.o(.data.Font_7x10), (8 bytes).
    Removing ssd1306_fonts.o(.data.Font_16x26), (8 bytes).
    Removing ssd1306_fonts.o(.rodata.Font16x26), (4940 bytes).
    Removing ssd1306_tests.o(.text), (0 bytes).
    Removing ssd1306_tests.o(.text.delay), (74 bytes).
    Removing ssd1306_tests.o(.ARM.exidx.text.delay), (8 bytes).
    Removing ssd1306_tests.o(.text.ssd1306_TestFonts), (160 bytes).
    Removing ssd1306_tests.o(.ARM.exidx.text.ssd1306_TestFonts), (8 bytes).
    Removing ssd1306_tests.o(.text.ssd1306_TestLine), (50 bytes).
    Removing ssd1306_tests.o(.ARM.exidx.text.ssd1306_TestLine), (8 bytes).
    Removing ssd1306_tests.o(.text.ssd1306_TestRectangle), (72 bytes).
    Removing ssd1306_tests.o(.ARM.exidx.text.ssd1306_TestRectangle), (8 bytes).
    Removing ssd1306_tests.o(.text.ssd1306_TestCircle), (58 bytes).
    Removing ssd1306_tests.o(.ARM.exidx.text.ssd1306_TestCircle), (8 bytes).
    Removing ssd1306_tests.o(.text.ssd1306_TestArc), (36 bytes).
    Removing ssd1306_tests.o(.ARM.exidx.text.ssd1306_TestArc), (8 bytes).
    Removing ssd1306_tests.o(.text.ssd1306_TestPolyline), (60 bytes).
    Removing ssd1306_tests.o(.ARM.exidx.text.ssd1306_TestPolyline), (8 bytes).
    Removing ssd1306_tests.o(.text.ssd1306_TestAll), (102 bytes).
    Removing ssd1306_tests.o(.ARM.exidx.text.ssd1306_TestAll), (8 bytes).
    Removing ssd1306_tests.o(.rodata.str1.1), (41 bytes).
    Removing ssd1306_tests.o(.rodata..L__const.ssd1306_TestPolyline.loc_vertex), (14 bytes).
    Removing sysclock.o(.text), (0 bytes).
    Removing sysclock.o(.ARM.exidx.text.System_Clock_Init), (8 bytes).
    Removing keypad.o(.text), (0 bytes).
    Removing keypad.o(.ARM.exidx.text.keypad_scan), (8 bytes).
    Removing keypad.o(.rodata.cst16), (16 bytes).

83 unused section(s) (total 11311 bytes) removed from the image.

==============================================================================

Image Symbol Table

    Local Symbols

    Symbol Name                              Value     Ov Type        Size  Object(Section)

    ../clib/angel/boardlib.s                 0x00000000   Number         0  boardinit1.o ABSOLUTE
    ../clib/angel/boardlib.s                 0x00000000   Number         0  boardinit2.o ABSOLUTE
    ../clib/angel/boardlib.s                 0x00000000   Number         0  boardinit3.o ABSOLUTE
    ../clib/angel/boardlib.s                 0x00000000   Number         0  boardshut.o ABSOLUTE
    ../clib/angel/handlers.s                 0x00000000   Number         0  __scatter_copy.o ABSOLUTE
    ../clib/angel/handlers.s                 0x00000000   Number         0  __scatter_zi.o ABSOLUTE
    ../clib/angel/kernel.s                   0x00000000   Number         0  __rtentry.o ABSOLUTE
    ../clib/angel/kernel.s                   0x00000000   Number         0  __rtentry2.o ABSOLUTE
    ../clib/angel/kernel.s                   0x00000000   Number         0  __rtentry4.o ABSOLUTE
    ../clib/angel/kernel.s                   0x00000000   Number         0  rtexit.o ABSOLUTE
    ../clib/angel/kernel.s                   0x00000000   Number         0  rtexit2.o ABSOLUTE
    ../clib/angel/rt.s                       0x00000000   Number         0  rt_errno_addr.o ABSOLUTE
    ../clib/angel/rt.s                       0x00000000   Number         0  rt_errno_addr_intlibspace.o ABSOLUTE
    ../clib/angel/rt.s                       0x00000000   Number         0  rt_raise.o ABSOLUTE
    ../clib/angel/scatter.s                  0x00000000   Number         0  __scatter.o ABSOLUTE
    ../clib/angel/startup.s                  0x00000000   Number         0  __main.o ABSOLUTE
    ../clib/angel/sys.s                      0x00000000   Number         0  libspace.o ABSOLUTE
    ../clib/angel/sys.s                      0x00000000   Number         0  sys_stackheap_outer.o ABSOLUTE
    ../clib/angel/sys.s                      0x00000000   Number         0  use_no_semi.o ABSOLUTE
    ../clib/angel/sys.s                      0x00000000   Number         0  indicate_semi.o ABSOLUTE
    ../clib/angel/sysapp.c                   0x00000000   Number         0  sys_exit.o ABSOLUTE
    ../clib/angel/sysapp.c                   0x00000000   Number         0  sys_exit_hlt.o ABSOLUTE
    ../clib/angel/sysapp.c                   0x00000000   Number         0  sys_command.o ABSOLUTE
    ../clib/angel/sysapp.c                   0x00000000   Number         0  sys_command_hlt.o ABSOLUTE
    ../clib/angel/sysapp.c                   0x00000000   Number         0  sys_wrch.o ABSOLUTE
    ../clib/angel/sysapp.c                   0x00000000   Number         0  sys_wrch_hlt.o ABSOLUTE
    ../clib/armsys.c                         0x00000000   Number         0  argv_veneer.o ABSOLUTE
    ../clib/armsys.c                         0x00000000   Number         0  argv_veneer.o ABSOLUTE
    ../clib/armsys.c                         0x00000000   Number         0  _get_argv_nomalloc.o ABSOLUTE
    ../clib/armsys.c                         0x00000000   Number         0  no_argv.o ABSOLUTE
    ../clib/fenv.c                           0x00000000   Number         0  _rserrno.o ABSOLUTE
    ../clib/heapalloc.c                      0x00000000   Number         0  hrguard.o ABSOLUTE
    ../clib/heapaux.c                        0x00000000   Number         0  heapauxi.o ABSOLUTE
    ../clib/libinit.s                        0x00000000   Number         0  libinit.o ABSOLUTE
    ../clib/libinit.s                        0x00000000   Number         0  libinit2.o ABSOLUTE
    ../clib/libinit.s                        0x00000000   Number         0  libshutdown.o ABSOLUTE
    ../clib/libinit.s                        0x00000000   Number         0  libshutdown2.o ABSOLUTE
    ../clib/memcpset.s                       0x00000000   Number         0  rt_memcpy_v6.o ABSOLUTE
    ../clib/memcpset.s                       0x00000000   Number         0  rt_memcpy_w.o ABSOLUTE
    ../clib/signal.c                         0x00000000   Number         0  defsig_rtmem_outer.o ABSOLUTE
    ../clib/signal.c                         0x00000000   Number         0  defsig_rtmem_formal.o ABSOLUTE
    ../clib/signal.c                         0x00000000   Number         0  defsig_exit.o ABSOLUTE
    ../clib/signal.c                         0x00000000   Number         0  defsig_rtmem_inner.o ABSOLUTE
    ../clib/signal.c                         0x00000000   Number         0  __raise.o ABSOLUTE
    ../clib/signal.c                         0x00000000   Number         0  defsig_general.o ABSOLUTE
    ../clib/signal.c                         0x00000000   Number         0  defsig_abrt_inner.o ABSOLUTE
    ../clib/signal.c                         0x00000000   Number         0  defsig_fpe_inner.o ABSOLUTE
    ../clib/signal.c                         0x00000000   Number         0  defsig_rtred_inner.o ABSOLUTE
    ../clib/signal.c                         0x00000000   Number         0  defsig_stak_inner.o ABSOLUTE
    ../clib/signal.c                         0x00000000   Number         0  defsig_pvfn_inner.o ABSOLUTE
    ../clib/signal.c                         0x00000000   Number         0  defsig_cppl_inner.o ABSOLUTE
    ../clib/signal.c                         0x00000000   Number         0  defsig_segv_inner.o ABSOLUTE
    ../clib/signal.c                         0x00000000   Number         0  defsig_other.o ABSOLUTE
    ../clib/signal.s                         0x00000000   Number         0  defsig.o ABSOLUTE
    ../clib/stdlib.c                         0x00000000   Number         0  exit.o ABSOLUTE
    ../fplib/basic.s                         0x00000000   Number         0  basic.o ABSOLUTE
    ../fplib/daddsub.s                       0x00000000   Number         0  daddsub_clz.o ABSOLUTE
    ../fplib/ddiv.s                          0x00000000   Number         0  ddiv.o ABSOLUTE
    ../fplib/dfix.s                          0x00000000   Number         0  dfix.o ABSOLUTE
    ../fplib/dflt.s                          0x00000000   Number         0  dflt_clz.o ABSOLUTE
    ../fplib/dmul.s                          0x00000000   Number         0  dmul.o ABSOLUTE
    ../fplib/dnaninf.s                       0x00000000   Number         0  dnaninf.o ABSOLUTE
    ../fplib/dretinf.s                       0x00000000   Number         0  dretinf.o ABSOLUTE
    ../fplib/f2d.s                           0x00000000   Number         0  f2d.o ABSOLUTE
    ../fplib/fnaninf.s                       0x00000000   Number         0  fnaninf.o ABSOLUTE
    ../fplib/fpinit.s                        0x00000000   Number         0  fpinit.o ABSOLUTE
    ../fplib/usenofp.s                       0x00000000   Number         0  usenofp.o ABSOLUTE
    ../mathlib/cos.c                         0x00000000   Number         0  cos.o ABSOLUTE
    ../mathlib/cos_i.c                       0x00000000   Number         0  cos_i.o ABSOLUTE
    ../mathlib/dunder.c                      0x00000000   Number         0  dunder.o ABSOLUTE
    ../mathlib/fabs.c                        0x00000000   Number         0  fabs.o ABSOLUTE
    ../mathlib/fpclassify.c                  0x00000000   Number         0  fpclassify.o ABSOLUTE
    ../mathlib/poly.c                        0x00000000   Number         0  poly.o ABSOLUTE
    ../mathlib/rred.c                        0x00000000   Number         0  rred.o ABSOLUTE
    ../mathlib/sin.c                         0x00000000   Number         0  sin.o ABSOLUTE
    ../mathlib/sin_i.c                       0x00000000   Number         0  sin_i.o ABSOLUTE
    I2C.c                                    0x00000000   Number         0  i2c.o ABSOLUTE
    SysClock.c                               0x00000000   Number         0  sysclock.o ABSOLUTE
    dc.s                                     0x00000000   Number         0  dc.o ABSOLUTE
    keypad.c                                 0x00000000   Number         0  keypad.o ABSOLUTE
    main.c                                   0x00000000   Number         0  main.o ABSOLUTE
    ssd1306.c                                0x00000000   Number         0  ssd1306.o ABSOLUTE
    ssd1306_fonts.c                          0x00000000   Number         0  ssd1306_fonts.o ABSOLUTE
    ssd1306_tests.c                          0x00000000   Number         0  ssd1306_tests.o ABSOLUTE
    startup_stm32l476xx.s                    0x00000000   Number         0  startup_stm32l476xx.o ABSOLUTE
    RESET                                    0x08000000   Section      392  startup_stm32l476xx.o(RESET)
    !!!main                                  0x08000188   Section        8  __main.o(!!!main)
    !!!scatter                               0x08000190   Section       92  __scatter.o(!!!scatter)
    !!handler_copy                           0x080001ec   Section       26  __scatter_copy.o(!!handler_copy)
    !!handler_null                           0x08000208   Section        2  __scatter.o(!!handler_null)
    !!handler_zi                             0x0800020c   Section       28  __scatter_zi.o(!!handler_zi)
    .ARM.Collect$$libinit$$00000000          0x08000228   Section        2  libinit.o(.ARM.Collect$$libinit$$00000000)
    .ARM.Collect$$libinit$$00000001          0x0800022a   Section        4  libinit2.o(.ARM.Collect$$libinit$$00000001)
    .ARM.Collect$$libinit$$00000004          0x0800022e   Section        0  libinit2.o(.ARM.Collect$$libinit$$00000004)
    .ARM.Collect$$libinit$$00000006          0x0800022e   Section        0  libinit2.o(.ARM.Collect$$libinit$$00000006)
    .ARM.Collect$$libinit$$0000000C          0x0800022e   Section        0  libinit2.o(.ARM.Collect$$libinit$$0000000C)
    .ARM.Collect$$libinit$$0000000E          0x0800022e   Section        0  libinit2.o(.ARM.Collect$$libinit$$0000000E)
    .ARM.Collect$$libinit$$00000010          0x0800022e   Section        0  libinit2.o(.ARM.Collect$$libinit$$00000010)
    .ARM.Collect$$libinit$$00000013          0x0800022e   Section        0  libinit2.o(.ARM.Collect$$libinit$$00000013)
    .ARM.Collect$$libinit$$00000015          0x0800022e   Section        0  libinit2.o(.ARM.Collect$$libinit$$00000015)
    .ARM.Collect$$libinit$$00000017          0x0800022e   Section        0  libinit2.o(.ARM.Collect$$libinit$$00000017)
    .ARM.Collect$$libinit$$00000019          0x0800022e   Section        0  libinit2.o(.ARM.Collect$$libinit$$00000019)
    .ARM.Collect$$libinit$$0000001B          0x0800022e   Section        0  libinit2.o(.ARM.Collect$$libinit$$0000001B)
    .ARM.Collect$$libinit$$0000001D          0x0800022e   Section        0  libinit2.o(.ARM.Collect$$libinit$$0000001D)
    .ARM.Collect$$libinit$$0000001F          0x0800022e   Section        0  libinit2.o(.ARM.Collect$$libinit$$0000001F)
    .ARM.Collect$$libinit$$00000021          0x0800022e   Section        0  libinit2.o(.ARM.Collect$$libinit$$00000021)
    .ARM.Collect$$libinit$$00000023          0x0800022e   Section        0  libinit2.o(.ARM.Collect$$libinit$$00000023)
    .ARM.Collect$$libinit$$00000025          0x0800022e   Section        0  libinit2.o(.ARM.Collect$$libinit$$00000025)
    .ARM.Collect$$libinit$$00000027          0x0800022e   Section        0  libinit2.o(.ARM.Collect$$libinit$$00000027)
    .ARM.Collect$$libinit$$0000002E          0x0800022e   Section        0  libinit2.o(.ARM.Collect$$libinit$$0000002E)
    .ARM.Collect$$libinit$$00000030          0x0800022e   Section        0  libinit2.o(.ARM.Collect$$libinit$$00000030)
    .ARM.Collect$$libinit$$00000032          0x0800022e   Section        0  libinit2.o(.ARM.Collect$$libinit$$00000032)
    .ARM.Collect$$libinit$$00000034          0x0800022e   Section        0  libinit2.o(.ARM.Collect$$libinit$$00000034)
    .ARM.Collect$$libinit$$00000035          0x0800022e   Section        2  libinit2.o(.ARM.Collect$$libinit$$00000035)
    .ARM.Collect$$libshutdown$$00000000      0x08000230   Section        2  libshutdown.o(.ARM.Collect$$libshutdown$$00000000)
    .ARM.Collect$$libshutdown$$00000002      0x08000232   Section        0  libshutdown2.o(.ARM.Collect$$libshutdown$$00000002)
    .ARM.Collect$$libshutdown$$00000004      0x08000232   Section        0  libshutdown2.o(.ARM.Collect$$libshutdown$$00000004)
    .ARM.Collect$$libshutdown$$00000007      0x08000232   Section        0  libshutdown2.o(.ARM.Collect$$libshutdown$$00000007)
    .ARM.Collect$$libshutdown$$0000000A      0x08000232   Section        0  libshutdown2.o(.ARM.Collect$$libshutdown$$0000000A)
    .ARM.Collect$$libshutdown$$0000000C      0x08000232   Section        0  libshutdown2.o(.ARM.Collect$$libshutdown$$0000000C)
    .ARM.Collect$$libshutdown$$0000000F      0x08000232   Section        0  libshutdown2.o(.ARM.Collect$$libshutdown$$0000000F)
    .ARM.Collect$$libshutdown$$00000010      0x08000232   Section        2  libshutdown2.o(.ARM.Collect$$libshutdown$$00000010)
    .ARM.Collect$$rtentry$$00000000          0x08000234   Section        0  __rtentry.o(.ARM.Collect$$rtentry$$00000000)
    .ARM.Collect$$rtentry$$00000002          0x08000234   Section        0  __rtentry2.o(.ARM.Collect$$rtentry$$00000002)
    .ARM.Collect$$rtentry$$00000004          0x08000234   Section        6  __rtentry4.o(.ARM.Collect$$rtentry$$00000004)
    .ARM.Collect$$rtentry$$00000009          0x0800023a   Section        0  __rtentry2.o(.ARM.Collect$$rtentry$$00000009)
    .ARM.Collect$$rtentry$$0000000A          0x0800023a   Section        4  __rtentry2.o(.ARM.Collect$$rtentry$$0000000A)
    .ARM.Collect$$rtentry$$0000000C          0x0800023e   Section        0  __rtentry2.o(.ARM.Collect$$rtentry$$0000000C)
    .ARM.Collect$$rtentry$$0000000D          0x0800023e   Section        8  __rtentry2.o(.ARM.Collect$$rtentry$$0000000D)
    .ARM.Collect$$rtexit$$00000000           0x08000246   Section        2  rtexit.o(.ARM.Collect$$rtexit$$00000000)
    .ARM.Collect$$rtexit$$00000002           0x08000248   Section        0  rtexit2.o(.ARM.Collect$$rtexit$$00000002)
    .ARM.Collect$$rtexit$$00000003           0x08000248   Section        4  rtexit2.o(.ARM.Collect$$rtexit$$00000003)
    .ARM.Collect$$rtexit$$00000004           0x0800024c   Section        6  rtexit2.o(.ARM.Collect$$rtexit$$00000004)
    $v0                                      0x08000254   Number         0  startup_stm32l476xx.o(.text)
    .text                                    0x08000254   Section      140  startup_stm32l476xx.o(.text)
    .text                                    0x080002e0   Section      138  rt_memcpy_v6.o(.text)
    .text                                    0x0800036a   Section        0  heapauxi.o(.text)
    .text                                    0x08000370   Section      100  rt_memcpy_w.o(.text)
    .text                                    0x080003d4   Section        8  libspace.o(.text)
    .text                                    0x080003dc   Section       74  sys_stackheap_outer.o(.text)
    .text                                    0x08000426   Section        0  exit.o(.text)
    .text                                    0x08000438   Section        0  sys_exit.o(.text)
    .text                                    0x08000444   Section        2  use_no_semi.o(.text)
    .text                                    0x08000446   Section        0  indicate_semi.o(.text)
    [Anonymous Symbol]                       0x08000448   Section        0  i2c.o(.text.I2C1_ER_IRQHandler)
    [Anonymous Symbol]                       0x0800044c   Section        0  i2c.o(.text.I2C1_EV_IRQHandler)
    [Anonymous Symbol]                       0x08000450   Section        0  i2c.o(.text.I2C_GPIO_init)
    [Anonymous Symbol]                       0x080004d4   Section        0  i2c.o(.text.I2C_Initialization)
    [Anonymous Symbol]                       0x08000694   Section        0  i2c.o(.text.I2C_SendData)
    [Anonymous Symbol]                       0x08000770   Section        0  i2c.o(.text.I2C_Start)
    [Anonymous Symbol]                       0x080007dc   Section        0  i2c.o(.text.I2C_Stop)
    [Anonymous Symbol]                       0x08000800   Section        0  i2c.o(.text.I2C_WaitLineIdle)
    [Anonymous Symbol]                       0x08000818   Section        0  main.o(.text.Keypad_Pin_Init)
    [Anonymous Symbol]                       0x08000878   Section        0  sysclock.o(.text.System_Clock_Init)
    [Anonymous Symbol]                       0x08000a4c   Section        0  keypad.o(.text.keypad_scan)
    [Anonymous Symbol]                       0x08000c74   Section        0  main.o(.text.main)
    [Anonymous Symbol]                       0x08000e3c   Section        0  ssd1306.o(.text.ssd1306_DrawPixel)
    [Anonymous Symbol]                       0x08000ee4   Section        0  ssd1306.o(.text.ssd1306_Fill)
    [Anonymous Symbol]                       0x08000f20   Section        0  ssd1306.o(.text.ssd1306_Init)
    [Anonymous Symbol]                       0x08001010   Section        0  ssd1306.o(.text.ssd1306_Reset)
    [Anonymous Symbol]                       0x08001014   Section        0  ssd1306.o(.text.ssd1306_SetContrast)
    [Anonymous Symbol]                       0x08001034   Section        0  ssd1306.o(.text.ssd1306_SetCursor)
    [Anonymous Symbol]                       0x08001058   Section        0  ssd1306.o(.text.ssd1306_SetDisplayOn)
    [Anonymous Symbol]                       0x0800109c   Section        0  ssd1306.o(.text.ssd1306_UpdateScreen)
    [Anonymous Symbol]                       0x080010f4   Section        0  ssd1306.o(.text.ssd1306_WriteChar)
    [Anonymous Symbol]                       0x08001220   Section        0  ssd1306.o(.text.ssd1306_WriteCommand)
    [Anonymous Symbol]                       0x08001250   Section        0  ssd1306.o(.text.ssd1306_WriteData)
    [Anonymous Symbol]                       0x080012bc   Section        0  ssd1306.o(.text.ssd1306_WriteString)
    $v0                                      0x08001312   Number         0  fpinit.o(x$fpl$fpinit)
    x$fpl$fpinit                             0x08001312   Section       26  fpinit.o(x$fpl$fpinit)
    .L__const.main.message                   0x0800132c   Data          64  main.o(.rodata..L__const.main.message)
    Font11x18                                0x0800136c   Data        3420  ssd1306_fonts.o(.rodata.Font11x18)
    [Anonymous Symbol]                       0x0800136c   Section        0  ssd1306_fonts.o(.rodata.Font11x18)
    .bss                                     0x20000018   Section       96  libspace.o(.bss)
    SSD1306                                  0x20000078   Data           8  ssd1306.o(.bss.SSD1306)
    [Anonymous Symbol]                       0x20000078   Section        0  ssd1306.o(.bss.SSD1306)
    SSD1306_Buffer                           0x20000080   Data        1024  ssd1306.o(.bss.SSD1306_Buffer)
    [Anonymous Symbol]                       0x20000080   Section        0  ssd1306.o(.bss.SSD1306_Buffer)
    Heap_Mem                                 0x20000480   Data         512  startup_stm32l476xx.o(HEAP)
    HEAP                                     0x20000480   Section      512  startup_stm32l476xx.o(HEAP)
    Stack_Mem                                0x20000680   Data        1024  startup_stm32l476xx.o(STACK)
    STACK                                    0x20000680   Section     1024  startup_stm32l476xx.o(STACK)
    __initial_sp                             0x20000a80   Data           0  startup_stm32l476xx.o(STACK)

    Global Symbols

    Symbol Name                              Value     Ov Type        Size  Object(Section)

    BuildAttributes$$THM_ISAv4$E$P$D$K$B$S$7EM$VFPi3$EXTD16$VFPS$VFMA$PE$A:L22UL41UL21$X:L11$S22US41US21$IEEE1$IW$~IW$USESV6$~STKCKD$USESV7$~SHL$OTIME$ROPI$IEEEX$EBA8$UX$STANDARDLIB$REQ8$PRES8$EABIv2 0x00000000   Number         0  anon$$obj.o ABSOLUTE
    Image$$ER_IROM1$$RW$$Length              0x00000000   Number         0  anon$$obj.o ABSOLUTE
    Image$$ER_IROM1$$ZI$$Length              0x00000000   Number         0  anon$$obj.o ABSOLUTE
    Image$$RW_IRAM1$$RO$$Length              0x00000000   Number         0  anon$$obj.o ABSOLUTE
    __ARM_exceptions_init                     - Undefined Weak Reference
    __alloca_initialize                       - Undefined Weak Reference
    __arm_preinit_                            - Undefined Weak Reference
    __arm_relocate_pie_                       - Undefined Weak Reference
    __cpp_initialize__aeabi_                  - Undefined Weak Reference
    __cxa_finalize                            - Undefined Weak Reference
    __rt_locale                               - Undefined Weak Reference
    __sigvec_lookup                           - Undefined Weak Reference
    _atexit_init                              - Undefined Weak Reference
    _call_atexit_fns                          - Undefined Weak Reference
    _clock_init                               - Undefined Weak Reference
    _fp_trap_init                             - Undefined Weak Reference
    _fp_trap_shutdown                         - Undefined Weak Reference
    _get_lc_collate                           - Undefined Weak Reference
    _get_lc_ctype                             - Undefined Weak Reference
    _get_lc_monetary                          - Undefined Weak Reference
    _get_lc_numeric                           - Undefined Weak Reference
    _get_lc_time                              - Undefined Weak Reference
    _getenv_init                              - Undefined Weak Reference
    _handle_redirection                       - Undefined Weak Reference
    _init_alloc                               - Undefined Weak Reference
    _init_user_alloc                          - Undefined Weak Reference
    _initio                                   - Undefined Weak Reference
    _rand_init                                - Undefined Weak Reference
    _signal_finish                            - Undefined Weak Reference
    _signal_init                              - Undefined Weak Reference
    _terminate_alloc                          - Undefined Weak Reference
    _terminate_user_alloc                     - Undefined Weak Reference
    _terminateio                              - Undefined Weak Reference
    Image$$RW_IRAM1$$Length                  0x00000018   Number         0  anon$$obj.o ABSOLUTE
    Image$$RW_IRAM1$$RW$$Length              0x00000018   Number         0  anon$$obj.o ABSOLUTE
    __Vectors_Size                           0x00000188   Number         0  startup_stm32l476xx.o ABSOLUTE
    Image$$RW_IRAM1$$ZI$$Length              0x00000a68   Number         0  anon$$obj.o ABSOLUTE
    Image$$ER_IROM1$$RO$$Length              0x000020e8   Number         0  anon$$obj.o ABSOLUTE
    Image$$ER_IROM1$$RO$$Base                0x08000000   Number         0  anon$$obj.o ABSOLUTE
    Load$$ER_IROM1$$Base                     0x08000000   Number         0  anon$$obj.o ABSOLUTE
    __Vectors                                0x08000000   Data           4  startup_stm32l476xx.o(RESET)
    __Vectors_End                            0x08000188   Data           0  startup_stm32l476xx.o(RESET)
    __main                                   0x08000189   Thumb Code     8  __main.o(!!!main)
    __scatterload                            0x08000191   Thumb Code     0  __scatter.o(!!!scatter)
    __scatterload_rt2                        0x08000191   Thumb Code    84  __scatter.o(!!!scatter)
    __scatterload_rt2_thumb_only             0x08000191   Thumb Code     0  __scatter.o(!!!scatter)
    __scatterload_loop                       0x0800019b   Thumb Code     0  __scatter.o(!!!scatter)
    __scatterload_copy                       0x080001ed   Thumb Code    26  __scatter_copy.o(!!handler_copy)
    __scatterload_null                       0x08000209   Thumb Code     2  __scatter.o(!!handler_null)
    __scatterload_zeroinit                   0x0800020d   Thumb Code    28  __scatter_zi.o(!!handler_zi)
    __rt_lib_init                            0x08000229   Thumb Code     0  libinit.o(.ARM.Collect$$libinit$$00000000)
    __rt_lib_init_fp_1                       0x0800022b   Thumb Code     0  libinit2.o(.ARM.Collect$$libinit$$00000001)
    __rt_lib_init_alloca_1                   0x0800022f   Thumb Code     0  libinit2.o(.ARM.Collect$$libinit$$00000030)
    __rt_lib_init_argv_1                     0x0800022f   Thumb Code     0  libinit2.o(.ARM.Collect$$libinit$$0000002E)
    __rt_lib_init_atexit_1                   0x0800022f   Thumb Code     0  libinit2.o(.ARM.Collect$$libinit$$0000001D)
    __rt_lib_init_clock_1                    0x0800022f   Thumb Code     0  libinit2.o(.ARM.Collect$$libinit$$00000023)
    __rt_lib_init_cpp_1                      0x0800022f   Thumb Code     0  libinit2.o(.ARM.Collect$$libinit$$00000034)
    __rt_lib_init_exceptions_1               0x0800022f   Thumb Code     0  libinit2.o(.ARM.Collect$$libinit$$00000032)
    __rt_lib_init_fp_trap_1                  0x0800022f   Thumb Code     0  libinit2.o(.ARM.Collect$$libinit$$00000021)
    __rt_lib_init_getenv_1                   0x0800022f   Thumb Code     0  libinit2.o(.ARM.Collect$$libinit$$00000025)
    __rt_lib_init_heap_1                     0x0800022f   Thumb Code     0  libinit2.o(.ARM.Collect$$libinit$$0000000C)
    __rt_lib_init_lc_collate_1               0x0800022f   Thumb Code     0  libinit2.o(.ARM.Collect$$libinit$$00000013)
    __rt_lib_init_lc_ctype_1                 0x0800022f   Thumb Code     0  libinit2.o(.ARM.Collect$$libinit$$00000015)
    __rt_lib_init_lc_monetary_1              0x0800022f   Thumb Code     0  libinit2.o(.ARM.Collect$$libinit$$00000017)
    __rt_lib_init_lc_numeric_1               0x0800022f   Thumb Code     0  libinit2.o(.ARM.Collect$$libinit$$00000019)
    __rt_lib_init_lc_time_1                  0x0800022f   Thumb Code     0  libinit2.o(.ARM.Collect$$libinit$$0000001B)
    __rt_lib_init_preinit_1                  0x0800022f   Thumb Code     0  libinit2.o(.ARM.Collect$$libinit$$00000006)
    __rt_lib_init_rand_1                     0x0800022f   Thumb Code     0  libinit2.o(.ARM.Collect$$libinit$$00000010)
    __rt_lib_init_relocate_pie_1             0x0800022f   Thumb Code     0  libinit2.o(.ARM.Collect$$libinit$$00000004)
    __rt_lib_init_return                     0x0800022f   Thumb Code     0  libinit2.o(.ARM.Collect$$libinit$$00000035)
    __rt_lib_init_signal_1                   0x0800022f   Thumb Code     0  libinit2.o(.ARM.Collect$$libinit$$0000001F)
    __rt_lib_init_stdio_1                    0x0800022f   Thumb Code     0  libinit2.o(.ARM.Collect$$libinit$$00000027)
    __rt_lib_init_user_alloc_1               0x0800022f   Thumb Code     0  libinit2.o(.ARM.Collect$$libinit$$0000000E)
    __rt_lib_shutdown                        0x08000231   Thumb Code     0  libshutdown.o(.ARM.Collect$$libshutdown$$00000000)
    __rt_lib_shutdown_cpp_1                  0x08000233   Thumb Code     0  libshutdown2.o(.ARM.Collect$$libshutdown$$00000002)
    __rt_lib_shutdown_fp_trap_1              0x08000233   Thumb Code     0  libshutdown2.o(.ARM.Collect$$libshutdown$$00000007)
    __rt_lib_shutdown_heap_1                 0x08000233   Thumb Code     0  libshutdown2.o(.ARM.Collect$$libshutdown$$0000000F)
    __rt_lib_shutdown_return                 0x08000233   Thumb Code     0  libshutdown2.o(.ARM.Collect$$libshutdown$$00000010)
    __rt_lib_shutdown_signal_1               0x08000233   Thumb Code     0  libshutdown2.o(.ARM.Collect$$libshutdown$$0000000A)
    __rt_lib_shutdown_stdio_1                0x08000233   Thumb Code     0  libshutdown2.o(.ARM.Collect$$libshutdown$$00000004)
    __rt_lib_shutdown_user_alloc_1           0x08000233   Thumb Code     0  libshutdown2.o(.ARM.Collect$$libshutdown$$0000000C)
    __rt_entry                               0x08000235   Thumb Code     0  __rtentry.o(.ARM.Collect$$rtentry$$00000000)
    __rt_entry_presh_1                       0x08000235   Thumb Code     0  __rtentry2.o(.ARM.Collect$$rtentry$$00000002)
    __rt_entry_sh                            0x08000235   Thumb Code     0  __rtentry4.o(.ARM.Collect$$rtentry$$00000004)
    __rt_entry_li                            0x0800023b   Thumb Code     0  __rtentry2.o(.ARM.Collect$$rtentry$$0000000A)
    __rt_entry_postsh_1                      0x0800023b   Thumb Code     0  __rtentry2.o(.ARM.Collect$$rtentry$$00000009)
    __rt_entry_main                          0x0800023f   Thumb Code     0  __rtentry2.o(.ARM.Collect$$rtentry$$0000000D)
    __rt_entry_postli_1                      0x0800023f   Thumb Code     0  __rtentry2.o(.ARM.Collect$$rtentry$$0000000C)
    __rt_exit                                0x08000247   Thumb Code     0  rtexit.o(.ARM.Collect$$rtexit$$00000000)
    __rt_exit_ls                             0x08000249   Thumb Code     0  rtexit2.o(.ARM.Collect$$rtexit$$00000003)
    __rt_exit_prels_1                        0x08000249   Thumb Code     0  rtexit2.o(.ARM.Collect$$rtexit$$00000002)
    __rt_exit_exit                           0x0800024d   Thumb Code     0  rtexit2.o(.ARM.Collect$$rtexit$$00000004)
    Reset_Handler                            0x08000255   Thumb Code    62  startup_stm32l476xx.o(.text)
    NMI_Handler                              0x08000293   Thumb Code     2  startup_stm32l476xx.o(.text)
    HardFault_Handler                        0x08000295   Thumb Code     2  startup_stm32l476xx.o(.text)
    MemManage_Handler                        0x08000297   Thumb Code     2  startup_stm32l476xx.o(.text)
    BusFault_Handler                         0x08000299   Thumb Code     2  startup_stm32l476xx.o(.text)
    UsageFault_Handler                       0x0800029b   Thumb Code     2  startup_stm32l476xx.o(.text)
    SVC_Handler                              0x0800029d   Thumb Code     2  startup_stm32l476xx.o(.text)
    DebugMon_Handler                         0x0800029f   Thumb Code     2  startup_stm32l476xx.o(.text)
    PendSV_Handler                           0x080002a1   Thumb Code     2  startup_stm32l476xx.o(.text)
    SysTick_Handler                          0x080002a3   Thumb Code     2  startup_stm32l476xx.o(.text)
    ADC1_2_IRQHandler                        0x080002a5   Thumb Code     0  startup_stm32l476xx.o(.text)
    ADC3_IRQHandler                          0x080002a5   Thumb Code     0  startup_stm32l476xx.o(.text)
    CAN1_RX0_IRQHandler                      0x080002a5   Thumb Code     0  startup_stm32l476xx.o(.text)
    CAN1_RX1_IRQHandler                      0x080002a5   Thumb Code     0  startup_stm32l476xx.o(.text)
    CAN1_SCE_IRQHandler                      0x080002a5   Thumb Code     0  startup_stm32l476xx.o(.text)
    CAN1_TX_IRQHandler                       0x080002a5   Thumb Code     0  startup_stm32l476xx.o(.text)
    COMP_IRQHandler                          0x080002a5   Thumb Code     0  startup_stm32l476xx.o(.text)
    DFSDM0_IRQHandler                        0x080002a5   Thumb Code     0  startup_stm32l476xx.o(.text)
    DFSDM1_IRQHandler                        0x080002a5   Thumb Code     0  startup_stm32l476xx.o(.text)
    DFSDM2_IRQHandler                        0x080002a5   Thumb Code     0  startup_stm32l476xx.o(.text)
    DFSDM3_IRQHandler                        0x080002a5   Thumb Code     0  startup_stm32l476xx.o(.text)
    DMA1_Channel1_IRQHandler                 0x080002a5   Thumb Code     0  startup_stm32l476xx.o(.text)
    DMA1_Channel2_IRQHandler                 0x080002a5   Thumb Code     0  startup_stm32l476xx.o(.text)
    DMA1_Channel3_IRQHandler                 0x080002a5   Thumb Code     0  startup_stm32l476xx.o(.text)
    DMA1_Channel4_IRQHandler                 0x080002a5   Thumb Code     0  startup_stm32l476xx.o(.text)
    DMA1_Channel5_IRQHandler                 0x080002a5   Thumb Code     0  startup_stm32l476xx.o(.text)
    DMA1_Channel6_IRQHandler                 0x080002a5   Thumb Code     0  startup_stm32l476xx.o(.text)
    DMA1_Channel7_IRQHandler                 0x080002a5   Thumb Code     0  startup_stm32l476xx.o(.text)
    DMA2_Channel1_IRQHandler                 0x080002a5   Thumb Code     0  startup_stm32l476xx.o(.text)
    DMA2_Channel2_IRQHandler                 0x080002a5   Thumb Code     0  startup_stm32l476xx.o(.text)
    DMA2_Channel3_IRQHandler                 0x080002a5   Thumb Code     0  startup_stm32l476xx.o(.text)
    DMA2_Channel4_IRQHandler                 0x080002a5   Thumb Code     0  startup_stm32l476xx.o(.text)
    DMA2_Channel5_IRQHandler                 0x080002a5   Thumb Code     0  startup_stm32l476xx.o(.text)
    DMA2_Channel6_IRQHandler                 0x080002a5   Thumb Code     0  startup_stm32l476xx.o(.text)
    DMA2_Channel7_IRQHandler                 0x080002a5   Thumb Code     0  startup_stm32l476xx.o(.text)
    EXTI0_IRQHandler                         0x080002a5   Thumb Code     0  startup_stm32l476xx.o(.text)
    EXTI15_10_IRQHandler                     0x080002a5   Thumb Code     0  startup_stm32l476xx.o(.text)
    EXTI1_IRQHandler                         0x080002a5   Thumb Code     0  startup_stm32l476xx.o(.text)
    EXTI2_IRQHandler                         0x080002a5   Thumb Code     0  startup_stm32l476xx.o(.text)
    EXTI3_IRQHandler                         0x080002a5   Thumb Code     0  startup_stm32l476xx.o(.text)
    EXTI4_IRQHandler                         0x080002a5   Thumb Code     0  startup_stm32l476xx.o(.text)
    EXTI9_5_IRQHandler                       0x080002a5   Thumb Code     0  startup_stm32l476xx.o(.text)
    FLASH_IRQHandler                         0x080002a5   Thumb Code     0  startup_stm32l476xx.o(.text)
    FMC_IRQHandler                           0x080002a5   Thumb Code     0  startup_stm32l476xx.o(.text)
    FPU_IRQHandler                           0x080002a5   Thumb Code     0  startup_stm32l476xx.o(.text)
    I2C2_ER_IRQHandler                       0x080002a5   Thumb Code     0  startup_stm32l476xx.o(.text)
    I2C2_EV_IRQHandler                       0x080002a5   Thumb Code     0  startup_stm32l476xx.o(.text)
    I2C3_ER_IRQHandler                       0x080002a5   Thumb Code     0  startup_stm32l476xx.o(.text)
    I2C3_EV_IRQHandler                       0x080002a5   Thumb Code     0  startup_stm32l476xx.o(.text)
    LCD_IRQHandler                           0x080002a5   Thumb Code     0  startup_stm32l476xx.o(.text)
    LPTIM1_IRQHandler                        0x080002a5   Thumb Code     0  startup_stm32l476xx.o(.text)
    LPTIM2_IRQHandler                        0x080002a5   Thumb Code     0  startup_stm32l476xx.o(.text)
    LPUART1_IRQHandler                       0x080002a5   Thumb Code     0  startup_stm32l476xx.o(.text)
    OTG_FS_IRQHandler                        0x080002a5   Thumb Code     0  startup_stm32l476xx.o(.text)
    PVD_PVM_IRQHandler                       0x080002a5   Thumb Code     0  startup_stm32l476xx.o(.text)
    QUADSPI_IRQHandler                       0x080002a5   Thumb Code     0  startup_stm32l476xx.o(.text)
    RCC_IRQHandler                           0x080002a5   Thumb Code     0  startup_stm32l476xx.o(.text)
    RNG_IRQHandler                           0x080002a5   Thumb Code     0  startup_stm32l476xx.o(.text)
    RTC_Alarm_IRQHandler                     0x080002a5   Thumb Code     0  startup_stm32l476xx.o(.text)
    RTC_WKUP_IRQHandler                      0x080002a5   Thumb Code     0  startup_stm32l476xx.o(.text)
    SAI1_IRQHandler                          0x080002a5   Thumb Code     0  startup_stm32l476xx.o(.text)
    SAI2_IRQHandler                          0x080002a5   Thumb Code     0  startup_stm32l476xx.o(.text)
    SDMMC1_IRQHandler                        0x080002a5   Thumb Code     0  startup_stm32l476xx.o(.text)
    SPI1_IRQHandler                          0x080002a5   Thumb Code     0  startup_stm32l476xx.o(.text)
    SPI2_IRQHandler                          0x080002a5   Thumb Code     0  startup_stm32l476xx.o(.text)
    SPI3_IRQHandler                          0x080002a5   Thumb Code     0  startup_stm32l476xx.o(.text)
    SWPMI1_IRQHandler                        0x080002a5   Thumb Code     0  startup_stm32l476xx.o(.text)
    TAMP_STAMP_IRQHandler                    0x080002a5   Thumb Code     0  startup_stm32l476xx.o(.text)
    TIM1_BRK_TIM15_IRQHandler                0x080002a5   Thumb Code     0  startup_stm32l476xx.o(.text)
    TIM1_CC_IRQHandler                       0x080002a5   Thumb Code     0  startup_stm32l476xx.o(.text)
    TIM1_TRG_COM_TIM17_IRQHandler            0x080002a5   Thumb Code     0  startup_stm32l476xx.o(.text)
    TIM1_UP_TIM16_IRQHandler                 0x080002a5   Thumb Code     0  startup_stm32l476xx.o(.text)
    TIM2_IRQHandler                          0x080002a5   Thumb Code     0  startup_stm32l476xx.o(.text)
    TIM3_IRQHandler                          0x080002a5   Thumb Code     0  startup_stm32l476xx.o(.text)
    TIM4_IRQHandler                          0x080002a5   Thumb Code     0  startup_stm32l476xx.o(.text)
    TIM5_IRQHandler                          0x080002a5   Thumb Code     0  startup_stm32l476xx.o(.text)
    TIM6_DAC_IRQHandler                      0x080002a5   Thumb Code     0  startup_stm32l476xx.o(.text)
    TIM7_IRQHandler                          0x080002a5   Thumb Code     0  startup_stm32l476xx.o(.text)
    TIM8_BRK_IRQHandler                      0x080002a5   Thumb Code     0  startup_stm32l476xx.o(.text)
    TIM8_CC_IRQHandler                       0x080002a5   Thumb Code     0  startup_stm32l476xx.o(.text)
    TIM8_TRG_COM_IRQHandler                  0x080002a5   Thumb Code     0  startup_stm32l476xx.o(.text)
    TIM8_UP_IRQHandler                       0x080002a5   Thumb Code     0  startup_stm32l476xx.o(.text)
    TSC_IRQHandler                           0x080002a5   Thumb Code     0  startup_stm32l476xx.o(.text)
    UART4_IRQHandler                         0x080002a5   Thumb Code     0  startup_stm32l476xx.o(.text)
    UART5_IRQHandler                         0x080002a5   Thumb Code     0  startup_stm32l476xx.o(.text)
    USART1_IRQHandler                        0x080002a5   Thumb Code     0  startup_stm32l476xx.o(.text)
    USART2_IRQHandler                        0x080002a5   Thumb Code     0  startup_stm32l476xx.o(.text)
    USART3_IRQHandler                        0x080002a5   Thumb Code     0  startup_stm32l476xx.o(.text)
    WWDG_IRQHandler                          0x080002a5   Thumb Code     0  startup_stm32l476xx.o(.text)
    __user_initial_stackheap                 0x080002a9   Thumb Code     0  startup_stm32l476xx.o(.text)
    __aeabi_memcpy                           0x080002e1   Thumb Code     0  rt_memcpy_v6.o(.text)
    __rt_memcpy                              0x080002e1   Thumb Code   138  rt_memcpy_v6.o(.text)
    _memcpy_lastbytes                        0x08000347   Thumb Code     0  rt_memcpy_v6.o(.text)
    __use_two_region_memory                  0x0800036b   Thumb Code     2  heapauxi.o(.text)
    __rt_heap_escrow$2region                 0x0800036d   Thumb Code     2  heapauxi.o(.text)
    __rt_heap_expand$2region                 0x0800036f   Thumb Code     2  heapauxi.o(.text)
    __aeabi_memcpy4                          0x08000371   Thumb Code     0  rt_memcpy_w.o(.text)
    __aeabi_memcpy8                          0x08000371   Thumb Code     0  rt_memcpy_w.o(.text)
    __rt_memcpy_w                            0x08000371   Thumb Code   100  rt_memcpy_w.o(.text)
    _memcpy_lastbytes_aligned                0x080003b9   Thumb Code     0  rt_memcpy_w.o(.text)
    __user_libspace                          0x080003d5   Thumb Code     8  libspace.o(.text)
    __user_perproc_libspace                  0x080003d5   Thumb Code     0  libspace.o(.text)
    __user_perthread_libspace                0x080003d5   Thumb Code     0  libspace.o(.text)
    __user_setup_stackheap                   0x080003dd   Thumb Code    74  sys_stackheap_outer.o(.text)
    exit                                     0x08000427   Thumb Code    18  exit.o(.text)
    _sys_exit                                0x08000439   Thumb Code     8  sys_exit.o(.text)
    __I$use$semihosting                      0x08000445   Thumb Code     0  use_no_semi.o(.text)
    __use_no_semihosting_swi                 0x08000445   Thumb Code     2  use_no_semi.o(.text)
    __semihosting_library_function           0x08000447   Thumb Code     0  indicate_semi.o(.text)
    I2C1_ER_IRQHandler                       0x08000449   Thumb Code     2  i2c.o(.text.I2C1_ER_IRQHandler)
    I2C1_EV_IRQHandler                       0x0800044d   Thumb Code     2  i2c.o(.text.I2C1_EV_IRQHandler)
    I2C_GPIO_init                            0x08000451   Thumb Code   130  i2c.o(.text.I2C_GPIO_init)
    I2C_Initialization                       0x080004d5   Thumb Code   448  i2c.o(.text.I2C_Initialization)
    I2C_SendData                             0x08000695   Thumb Code   218  i2c.o(.text.I2C_SendData)
    I2C_Start                                0x08000771   Thumb Code   108  i2c.o(.text.I2C_Start)
    I2C_Stop                                 0x080007dd   Thumb Code    34  i2c.o(.text.I2C_Stop)
    I2C_WaitLineIdle                         0x08000801   Thumb Code    24  i2c.o(.text.I2C_WaitLineIdle)
    Keypad_Pin_Init                          0x08000819   Thumb Code    94  main.o(.text.Keypad_Pin_Init)
    System_Clock_Init                        0x08000879   Thumb Code   466  sysclock.o(.text.System_Clock_Init)
    keypad_scan                              0x08000a4d   Thumb Code   550  keypad.o(.text.keypad_scan)
    main                                     0x08000c75   Thumb Code   454  main.o(.text.main)
    ssd1306_DrawPixel                        0x08000e3d   Thumb Code   168  ssd1306.o(.text.ssd1306_DrawPixel)
    ssd1306_Fill                             0x08000ee5   Thumb Code    60  ssd1306.o(.text.ssd1306_Fill)
    ssd1306_Init                             0x08000f21   Thumb Code   240  ssd1306.o(.text.ssd1306_Init)
    ssd1306_Reset                            0x08001011   Thumb Code     2  ssd1306.o(.text.ssd1306_Reset)
    ssd1306_SetContrast                      0x08001015   Thumb Code    30  ssd1306.o(.text.ssd1306_SetContrast)
    ssd1306_SetCursor                        0x08001035   Thumb Code    34  ssd1306.o(.text.ssd1306_SetCursor)
    ssd1306_SetDisplayOn                     0x08001059   Thumb Code    68  ssd1306.o(.text.ssd1306_SetDisplayOn)
    ssd1306_UpdateScreen                     0x0800109d   Thumb Code    86  ssd1306.o(.text.ssd1306_UpdateScreen)
    ssd1306_WriteChar                        0x080010f5   Thumb Code   300  ssd1306.o(.text.ssd1306_WriteChar)
    ssd1306_WriteCommand                     0x08001221   Thumb Code    46  ssd1306.o(.text.ssd1306_WriteCommand)
    ssd1306_WriteData                        0x08001251   Thumb Code   106  ssd1306.o(.text.ssd1306_WriteData)
    ssd1306_WriteString                      0x080012bd   Thumb Code    86  ssd1306.o(.text.ssd1306_WriteString)
    _fp_init                                 0x08001313   Thumb Code    26  fpinit.o(x$fpl$fpinit)
    __fplib_config_fpu_vfp                   0x0800132b   Thumb Code     0  fpinit.o(x$fpl$fpinit)
    __fplib_config_pureend_doubles           0x0800132b   Thumb Code     0  fpinit.o(x$fpl$fpinit)
    Region$$Table$$Base                      0x080020c8   Number         0  anon$$obj.o(Region$$Table)
    Image$$ER_IROM1$$RO$$Limit               0x080020e8   Number         0  anon$$obj.o ABSOLUTE
    Image$$ER_IROM1$$RW$$Base                0x080020e8   Number         0  anon$$obj.o ABSOLUTE
    Image$$ER_IROM1$$RW$$Limit               0x080020e8   Number         0  anon$$obj.o ABSOLUTE
    Image$$ER_IROM1$$ZI$$Base                0x080020e8   Number         0  anon$$obj.o ABSOLUTE
    Image$$ER_IROM1$$ZI$$Limit               0x080020e8   Number         0  anon$$obj.o ABSOLUTE
    Load$$RW_IRAM1$$Base                     0x080020e8   Number         0  anon$$obj.o ABSOLUTE
    Region$$Table$$Limit                     0x080020e8   Number         0  anon$$obj.o(Region$$Table)
    Font_11x18                               0x20000000   Data           8  ssd1306_fonts.o(.data.Font_11x18)
    Image$$RW_IRAM1$$Base                    0x20000000   Number         0  anon$$obj.o ABSOLUTE
    Image$$RW_IRAM1$$RO$$Base                0x20000000   Number         0  anon$$obj.o ABSOLUTE
    Image$$RW_IRAM1$$RW$$Base                0x20000000   Number         0  anon$$obj.o ABSOLUTE
    key_map                                  0x20000008   Data          16  keypad.o(.data.key_map)
    Image$$RW_IRAM1$$Limit                   0x20000018   Number         0  anon$$obj.o ABSOLUTE
    Image$$RW_IRAM1$$RW$$Limit               0x20000018   Number         0  anon$$obj.o ABSOLUTE
    Image$$RW_IRAM1$$ZI$$Base                0x20000018   Number         0  anon$$obj.o ABSOLUTE
    __libspace_start                         0x20000018   Data          96  libspace.o(.bss)
    __temporary_stack_top$libspace           0x20000078   Data           0  libspace.o(.bss)
    Image$$RW_IRAM1$$ZI$$Limit               0x20000a80   Number         0  anon$$obj.o ABSOLUTE



==============================================================================

Memory Map of the image

  Image Entry point : 0x08000189

  Load Region LR_IROM1 (Base: 0x08000000, Size: 0x00002100, Max: 0x00100000, ABSOLUTE)

    Execution Region ER_IROM1 (Exec base: 0x08000000, Load base: 0x08000000, Size: 0x000020e8, Max: 0x00100000, ABSOLUTE)

    Exec Addr    Load Addr    Size         Type   Attr      Idx    E Section Name        Object

    0x08000000   0x08000000   0x00000188   Data   RO           22    RESET               startup_stm32l476xx.o
    0x08000188   0x08000188   0x00000008   Code   RO          167  * !!!main             c_w.l(__main.o)
    0x08000190   0x08000190   0x0000005c   Code   RO          421    !!!scatter          c_w.l(__scatter.o)
    0x080001ec   0x080001ec   0x0000001a   Code   RO          425    !!handler_copy      c_w.l(__scatter_copy.o)
    0x08000206   0x08000206   0x00000002   PAD
    0x08000208   0x08000208   0x00000002   Code   RO          422    !!handler_null      c_w.l(__scatter.o)
    0x0800020a   0x0800020a   0x00000002   PAD
    0x0800020c   0x0800020c   0x0000001c   Code   RO          427    !!handler_zi        c_w.l(__scatter_zi.o)
    0x08000228   0x08000228   0x00000002   Code   RO          286    .ARM.Collect$$libinit$$00000000  c_w.l(libinit.o)
    0x0800022a   0x0800022a   0x00000004   Code   RO          289    .ARM.Collect$$libinit$$00000001  c_w.l(libinit2.o)
    0x0800022e   0x0800022e   0x00000000   Code   RO          292    .ARM.Collect$$libinit$$00000004  c_w.l(libinit2.o)
    0x0800022e   0x0800022e   0x00000000   Code   RO          294    .ARM.Collect$$libinit$$00000006  c_w.l(libinit2.o)
    0x0800022e   0x0800022e   0x00000000   Code   RO          297    .ARM.Collect$$libinit$$0000000C  c_w.l(libinit2.o)
    0x0800022e   0x0800022e   0x00000000   Code   RO          299    .ARM.Collect$$libinit$$0000000E  c_w.l(libinit2.o)
    0x0800022e   0x0800022e   0x00000000   Code   RO          301    .ARM.Collect$$libinit$$00000010  c_w.l(libinit2.o)
    0x0800022e   0x0800022e   0x00000000   Code   RO          304    .ARM.Collect$$libinit$$00000013  c_w.l(libinit2.o)
    0x0800022e   0x0800022e   0x00000000   Code   RO          306    .ARM.Collect$$libinit$$00000015  c_w.l(libinit2.o)
    0x0800022e   0x0800022e   0x00000000   Code   RO          308    .ARM.Collect$$libinit$$00000017  c_w.l(libinit2.o)
    0x0800022e   0x0800022e   0x00000000   Code   RO          310    .ARM.Collect$$libinit$$00000019  c_w.l(libinit2.o)
    0x0800022e   0x0800022e   0x00000000   Code   RO          312    .ARM.Collect$$libinit$$0000001B  c_w.l(libinit2.o)
    0x0800022e   0x0800022e   0x00000000   Code   RO          314    .ARM.Collect$$libinit$$0000001D  c_w.l(libinit2.o)
    0x0800022e   0x0800022e   0x00000000   Code   RO          316    .ARM.Collect$$libinit$$0000001F  c_w.l(libinit2.o)
    0x0800022e   0x0800022e   0x00000000   Code   RO          318    .ARM.Collect$$libinit$$00000021  c_w.l(libinit2.o)
    0x0800022e   0x0800022e   0x00000000   Code   RO          320    .ARM.Collect$$libinit$$00000023  c_w.l(libinit2.o)
    0x0800022e   0x0800022e   0x00000000   Code   RO          322    .ARM.Collect$$libinit$$00000025  c_w.l(libinit2.o)
    0x0800022e   0x0800022e   0x00000000   Code   RO          324    .ARM.Collect$$libinit$$00000027  c_w.l(libinit2.o)
    0x0800022e   0x0800022e   0x00000000   Code   RO          328    .ARM.Collect$$libinit$$0000002E  c_w.l(libinit2.o)
    0x0800022e   0x0800022e   0x00000000   Code   RO          330    .ARM.Collect$$libinit$$00000030  c_w.l(libinit2.o)
    0x0800022e   0x0800022e   0x00000000   Code   RO          332    .ARM.Collect$$libinit$$00000032  c_w.l(libinit2.o)
    0x0800022e   0x0800022e   0x00000000   Code   RO          334    .ARM.Collect$$libinit$$00000034  c_w.l(libinit2.o)
    0x0800022e   0x0800022e   0x00000002   Code   RO          335    .ARM.Collect$$libinit$$00000035  c_w.l(libinit2.o)
    0x08000230   0x08000230   0x00000002   Code   RO          357    .ARM.Collect$$libshutdown$$00000000  c_w.l(libshutdown.o)
    0x08000232   0x08000232   0x00000000   Code   RO          372    .ARM.Collect$$libshutdown$$00000002  c_w.l(libshutdown2.o)
    0x08000232   0x08000232   0x00000000   Code   RO          374    .ARM.Collect$$libshutdown$$00000004  c_w.l(libshutdown2.o)
    0x08000232   0x08000232   0x00000000   Code   RO          377    .ARM.Collect$$libshutdown$$00000007  c_w.l(libshutdown2.o)
    0x08000232   0x08000232   0x00000000   Code   RO          380    .ARM.Collect$$libshutdown$$0000000A  c_w.l(libshutdown2.o)
    0x08000232   0x08000232   0x00000000   Code   RO          382    .ARM.Collect$$libshutdown$$0000000C  c_w.l(libshutdown2.o)
    0x08000232   0x08000232   0x00000000   Code   RO          385    .ARM.Collect$$libshutdown$$0000000F  c_w.l(libshutdown2.o)
    0x08000232   0x08000232   0x00000002   Code   RO          386    .ARM.Collect$$libshutdown$$00000010  c_w.l(libshutdown2.o)
    0x08000234   0x08000234   0x00000000   Code   RO          195    .ARM.Collect$$rtentry$$00000000  c_w.l(__rtentry.o)
    0x08000234   0x08000234   0x00000000   Code   RO          235    .ARM.Collect$$rtentry$$00000002  c_w.l(__rtentry2.o)
    0x08000234   0x08000234   0x00000006   Code   RO          247    .ARM.Collect$$rtentry$$00000004  c_w.l(__rtentry4.o)
    0x0800023a   0x0800023a   0x00000000   Code   RO          237    .ARM.Collect$$rtentry$$00000009  c_w.l(__rtentry2.o)
    0x0800023a   0x0800023a   0x00000004   Code   RO          238    .ARM.Collect$$rtentry$$0000000A  c_w.l(__rtentry2.o)
    0x0800023e   0x0800023e   0x00000000   Code   RO          240    .ARM.Collect$$rtentry$$0000000C  c_w.l(__rtentry2.o)
    0x0800023e   0x0800023e   0x00000008   Code   RO          241    .ARM.Collect$$rtentry$$0000000D  c_w.l(__rtentry2.o)
    0x08000246   0x08000246   0x00000002   Code   RO          287    .ARM.Collect$$rtexit$$00000000  c_w.l(rtexit.o)
    0x08000248   0x08000248   0x00000000   Code   RO          337    .ARM.Collect$$rtexit$$00000002  c_w.l(rtexit2.o)
    0x08000248   0x08000248   0x00000004   Code   RO          338    .ARM.Collect$$rtexit$$00000003  c_w.l(rtexit2.o)
    0x0800024c   0x0800024c   0x00000006   Code   RO          339    .ARM.Collect$$rtexit$$00000004  c_w.l(rtexit2.o)
    0x08000252   0x08000252   0x00000002   PAD
    0x08000254   0x08000254   0x0000008c   Code   RO           23    .text               startup_stm32l476xx.o
    0x080002e0   0x080002e0   0x0000008a   Code   RO          163    .text               c_w.l(rt_memcpy_v6.o)
    0x0800036a   0x0800036a   0x00000006   Code   RO          165    .text               c_w.l(heapauxi.o)
    0x08000370   0x08000370   0x00000064   Code   RO          198    .text               c_w.l(rt_memcpy_w.o)
    0x080003d4   0x080003d4   0x00000008   Code   RO          274    .text               c_w.l(libspace.o)
    0x080003dc   0x080003dc   0x0000004a   Code   RO          277    .text               c_w.l(sys_stackheap_outer.o)
    0x08000426   0x08000426   0x00000012   Code   RO          279    .text               c_w.l(exit.o)
    0x08000438   0x08000438   0x0000000c   Code   RO          347    .text               c_w.l(sys_exit.o)
    0x08000444   0x08000444   0x00000002   Code   RO          362    .text               c_w.l(use_no_semi.o)
    0x08000446   0x08000446   0x00000000   Code   RO          364    .text               c_w.l(indicate_semi.o)
    0x08000446   0x08000446   0x00000002   PAD
    0x08000448   0x08000448   0x00000002   Code   RO           46    .text.I2C1_ER_IRQHandler  i2c.o
    0x0800044a   0x0800044a   0x00000002   PAD
    0x0800044c   0x0800044c   0x00000002   Code   RO           44    .text.I2C1_EV_IRQHandler  i2c.o
    0x0800044e   0x0800044e   0x00000002   PAD
    0x08000450   0x08000450   0x00000082   Code   RO           30    .text.I2C_GPIO_init  i2c.o
    0x080004d2   0x080004d2   0x00000002   PAD
    0x080004d4   0x080004d4   0x000001c0   Code   RO           32    .text.I2C_Initialization  i2c.o
    0x08000694   0x08000694   0x000000da   Code   RO           40    .text.I2C_SendData  i2c.o
    0x0800076e   0x0800076e   0x00000002   PAD
    0x08000770   0x08000770   0x0000006c   Code   RO           34    .text.I2C_Start     i2c.o
    0x080007dc   0x080007dc   0x00000022   Code   RO           36    .text.I2C_Stop      i2c.o
    0x080007fe   0x080007fe   0x00000002   PAD
    0x08000800   0x08000800   0x00000018   Code   RO           38    .text.I2C_WaitLineIdle  i2c.o
    0x08000818   0x08000818   0x0000005e   Code   RO            4    .text.Keypad_Pin_Init  main.o
    0x08000876   0x08000876   0x00000002   PAD
    0x08000878   0x08000878   0x000001d2   Code   RO          144    .text.System_Clock_Init  sysclock.o
    0x08000a4a   0x08000a4a   0x00000002   PAD
    0x08000a4c   0x08000a4c   0x00000226   Code   RO          152    .text.keypad_scan   keypad.o
    0x08000c72   0x08000c72   0x00000002   PAD
    0x08000c74   0x08000c74   0x000001c6   Code   RO            8    .text.main          main.o
    0x08000e3a   0x08000e3a   0x00000002   PAD
    0x08000e3c   0x08000e3c   0x000000a8   Code   RO           73    .text.ssd1306_DrawPixel  ssd1306.o
    0x08000ee4   0x08000ee4   0x0000003c   Code   RO           69    .text.ssd1306_Fill  ssd1306.o
    0x08000f20   0x08000f20   0x000000f0   Code   RO           63    .text.ssd1306_Init  ssd1306.o
    0x08001010   0x08001010   0x00000002   Code   RO           55    .text.ssd1306_Reset  ssd1306.o
    0x08001012   0x08001012   0x00000002   PAD
    0x08001014   0x08001014   0x0000001e   Code   RO           67    .text.ssd1306_SetContrast  ssd1306.o
    0x08001032   0x08001032   0x00000002   PAD
    0x08001034   0x08001034   0x00000022   Code   RO           79    .text.ssd1306_SetCursor  ssd1306.o
    0x08001056   0x08001056   0x00000002   PAD
    0x08001058   0x08001058   0x00000044   Code   RO           65    .text.ssd1306_SetDisplayOn  ssd1306.o
    0x0800109c   0x0800109c   0x00000056   Code   RO           71    .text.ssd1306_UpdateScreen  ssd1306.o
    0x080010f2   0x080010f2   0x00000002   PAD
    0x080010f4   0x080010f4   0x0000012c   Code   RO           75    .text.ssd1306_WriteChar  ssd1306.o
    0x08001220   0x08001220   0x0000002e   Code   RO           57    .text.ssd1306_WriteCommand  ssd1306.o
    0x0800124e   0x0800124e   0x00000002   PAD
    0x08001250   0x08001250   0x0000006a   Code   RO           59    .text.ssd1306_WriteData  ssd1306.o
    0x080012ba   0x080012ba   0x00000002   PAD
    0x080012bc   0x080012bc   0x00000056   Code   RO           77    .text.ssd1306_WriteString  ssd1306.o
    0x08001312   0x08001312   0x0000001a   Code   RO          345    x$fpl$fpinit        fz_wm.l(fpinit.o)
    0x0800132c   0x0800132c   0x00000040   Data   RO           10    .rodata..L__const.main.message  main.o
    0x0800136c   0x0800136c   0x00000d5c   Data   RO          112    .rodata.Font11x18   ssd1306_fonts.o
    0x080020c8   0x080020c8   0x00000020   Data   RO          420    Region$$Table       anon$$obj.o


    Execution Region RW_IRAM1 (Exec base: 0x20000000, Load base: 0x080020e8, Size: 0x00000a80, Max: 0x00018000, ABSOLUTE)

    Exec Addr    Load Addr    Size         Type   Attr      Idx    E Section Name        Object

    0x20000000   0x080020e8   0x00000008   Data   RW          110    .data.Font_11x18    ssd1306_fonts.o
    0x20000008   0x080020f0   0x00000010   Data   RW          154    .data.key_map       keypad.o
    0x20000018        -       0x00000060   Zero   RW          275    .bss                c_w.l(libspace.o)
    0x20000078        -       0x00000008   Zero   RW           98    .bss.SSD1306        ssd1306.o
    0x20000080        -       0x00000400   Zero   RW           97    .bss.SSD1306_Buffer  ssd1306.o
    0x20000480        -       0x00000200   Zero   RW           21    HEAP                startup_stm32l476xx.o
    0x20000680        -       0x00000400   Zero   RW           20    STACK               startup_stm32l476xx.o


==============================================================================

Image component sizes


      Code (inc. data)   RO Data    RW Data    ZI Data      Debug   Object Name

       966          0          0          0          0       3910   i2c.o
       550          0          0         16          0       1798   keypad.o
       548          0         64          0          0       3208   main.o
      1226          0          0          0       1032       6999   ssd1306.o
         0          0       3420          8          0        939   ssd1306_fonts.o
       140         48        392          0       1536        892   startup_stm32l476xx.o
       466          0          0          0          0       2108   sysclock.o

    ----------------------------------------------------------------------
      3926         48       3908         24       2568      19854   Object Totals
         0          0         32          0          0          0   (incl. Generated)
        30          0          0          0          0          0   (incl. Padding)

    ----------------------------------------------------------------------

      Code (inc. data)   RO Data    RW Data    ZI Data      Debug   Library Member Name

         8          0          0          0          0         68   __main.o
         0          0          0          0          0          0   __rtentry.o
        12          0          0          0          0          0   __rtentry2.o
         6          0          0          0          0          0   __rtentry4.o
        94          8          0          0          0          0   __scatter.o
        26          0          0          0          0          0   __scatter_copy.o
        28          0          0          0          0          0   __scatter_zi.o
        18          0          0          0          0         80   exit.o
         6          0          0          0          0        152   heapauxi.o
         0          0          0          0          0          0   indicate_semi.o
         2          0          0          0          0          0   libinit.o
         6          0          0          0          0          0   libinit2.o
         2          0          0          0          0          0   libshutdown.o
         2          0          0          0          0          0   libshutdown2.o
         8          4          0          0         96         68   libspace.o
       138          0          0          0          0         68   rt_memcpy_v6.o
       100          0          0          0          0         80   rt_memcpy_w.o
         2          0          0          0          0          0   rtexit.o
        10          0          0          0          0          0   rtexit2.o
        12          4          0          0          0         68   sys_exit.o
        74          0          0          0          0         80   sys_stackheap_outer.o
         2          0          0          0          0         68   use_no_semi.o
        26          0          0          0          0        116   fpinit.o

    ----------------------------------------------------------------------
       590         16          0          0         96        848   Library Totals
         8          0          0          0          0          0   (incl. Padding)

    ----------------------------------------------------------------------

      Code (inc. data)   RO Data    RW Data    ZI Data      Debug   Library Name

       556         16          0          0         96        732   c_w.l
        26          0          0          0          0        116   fz_wm.l

    ----------------------------------------------------------------------
       590         16          0          0         96        848   Library Totals

    ----------------------------------------------------------------------

==============================================================================


      Code (inc. data)   RO Data    RW Data    ZI Data      Debug   

      4516         64       3908         24       2664      20430   Grand Totals
      4516         64       3908         24       2664      20430   ELF Image Totals
      4516         64       3908         24          0          0   ROM Totals

==============================================================================

    Total RO  Size (Code + RO Data)                 8424 (   8.23kB)
    Total RW  Size (RW Data + ZI Data)              2688 (   2.62kB)
    Total ROM Size (Code + RO Data + RW Data)       8448 (   8.25kB)

==============================================================================

